[1] constants in environment: 787012
    axiom declarations (16): [Classical.choice, Lean.ofReduceBool, Lean.ofReduceNat, Lean.trustCompiler, Quot.lcInv, Quot.sound, Zeta5.Axioms.chebyshev_theta_asymptotic, isScalarObj, lcAny, lcCast, lcErased, lcProof, lcUnreachable, lcVoid, propext, sorryAx]
[2] Zeta5 modules: 72; declarations defined in them: 3940
    axiom declarations (1): [Zeta5.Axioms.chebyshev_theta_asymptotic]
    declarations whose own type/value mentions sorryAx (0): []
    unsafe (0): []
    partial (10): [Zeta5.AppendixB.ChainOK._unsafe_rec, Zeta5.AppendixB.chainEnd._unsafe_rec, Zeta5.AppendixB.chainVal._unsafe_rec, Zeta5.Audit.visit._unsafe_rec, Zeta5.RealBound.chainB._unsafe_rec, Zeta5.Sec6.Num.UUpR._unsafe_rec, Zeta5.Sec6.Num.aser._unsafe_rec, Zeta5.Sec6.Num.chainOK._unsafe_rec, Zeta5.Sec6.Num.isqrtIter._unsafe_rec, Zeta5.Sec6.Num.lser._unsafe_rec]
    opaque (1): [Zeta5.Audit.visit]
[3] cone of Zeta5.zeta5_irrational: 69774 constants
    sorry carriers in the cone (0): []
    ... of which OUTSIDE the Zeta5 modules (0): []
    Zeta5 sorry carriers NOT in the cone, i.e. orphans (0): []
[4] direct users in the cone of each project axiom:
    Zeta5.Axioms.chebyshev_theta_asymptotic  (1): [Zeta5.PNT.theta_scaled]
[5] per-module census, reached/defined:
    Zeta5 : 0/0
    Zeta5.AppendixB : 281/311
    Zeta5.AppendixBCheck : 0/1
    Zeta5.Arithmetic : 55/80
    Zeta5.Asymptotics : 6/6
    Zeta5.Audit : 0/44
    Zeta5.Axioms : 1/1
    Zeta5.Basic : 127/162
    Zeta5.Checks : 0/0
    Zeta5.Counting : 49/50
    Zeta5.CrudeBound : 64/83
    Zeta5.Functional : 92/132
    Zeta5.Hermite : 34/63
    Zeta5.HermiteBasis : 14/18
    Zeta5.HermiteBasisCore : 11/11
    Zeta5.InnerEntries : 176/180
    Zeta5.InnerGeneral : 52/53
    Zeta5.InnerTate : 78/87
    Zeta5.Interface : 27/30
    Zeta5.Lemma33 : 142/154
    Zeta5.Lemma42 : 40/66
    Zeta5.LocalFunctional : 86/115
    Zeta5.Normalization : 39/39
    Zeta5.OuterBasis : 298/331
    Zeta5.OuterLocal : 98/107
    Zeta5.OuterRange : 144/172
    Zeta5.PNT : 9/16
    Zeta5.Positivity : 64/92
    Zeta5.PrimeSum : 133/156
    Zeta5.RealBound : 151/318
    Zeta5.Sec6.Antideriv : 1/1
    Zeta5.Sec6.ArcComm : 2/2
    Zeta5.Sec6.ArcsinePot : 2/9
    Zeta5.Sec6.Bilinear : 4/4
    Zeta5.Sec6.CND : 3/3
    Zeta5.Sec6.Defs : 34/34
    Zeta5.Sec6.Energy : 8/29
    Zeta5.Sec6.Field : 2/2
    Zeta5.Sec6.Final : 2/2
    Zeta5.Sec6.Frullani : 2/3
    Zeta5.Sec6.GaussPD : 12/13
    Zeta5.Sec6.Gram : 36/60
    Zeta5.Sec6.IrhoSum : 2/2
    Zeta5.Sec6.LogCos : 1/1
    Zeta5.Sec6.LogCosInt : 1/1
    Zeta5.Sec6.LogCosOff : 1/8
    Zeta5.Sec6.LogCosOn : 2/2
    Zeta5.Sec6.Measures : 39/39
    Zeta5.Sec6.Num.Cell : 24/40
    Zeta5.Sec6.Num.Eval : 50/61
    Zeta5.Sec6.Num.Final : 6/6
    Zeta5.Sec6.Num.Seg1 : 10/10
    Zeta5.Sec6.Num.Seg2 : 10/10
    Zeta5.Sec6.Num.Seg3 : 10/10
    Zeta5.Sec6.Num.Seg4 : 10/10
    Zeta5.Sec6.Num.Seg5 : 10/10
    Zeta5.Sec6.Num.Seg6 : 10/10
    Zeta5.Sec6.Num.Sound : 33/54
    Zeta5.Sec6.Num.Tail : 22/41
    Zeta5.Sec6.PairEnergy : 5/12
    Zeta5.Sec6.Potential : 36/74
    Zeta5.Sec6.RhoCross : 2/4
    Zeta5.Sec6.RhoEnergy : 1/1
    Zeta5.Sec6.SmoothArc : 2/9
    Zeta5.Sec6.SmoothAux : 3/10
    Zeta5.Sec6.SmoothErr : 2/2
    Zeta5.Sec6.Swap : 3/3
    Zeta5.Section3 : 2/33
    Zeta5.Section41 : 104/148
    Zeta5.Skeleton : 8/15
    Zeta5.Tail : 63/65
    Zeta5.Uniformity : 166/209
cert/axioms/AScan.lean:155:8: warning: declaration uses `sorry`
[6] union cone of ALL 3940 Zeta5-module declarations: 75309 constants
    axioms reached (4): [Classical.choice, Quot.sound, Zeta5.Axioms.chebyshev_theta_asymptotic, propext]
    sorry carriers (0): []
[6-control] same walk + planted FScanCtl.uses_both: 75313 constants
    axioms reached (6): [Classical.choice, FScanCtl.planted_axiom, Quot.sound, Zeta5.Axioms.chebyshev_theta_asymptotic, propext, sorryAx]
    sorry carriers (1): [FScanCtl.planted_sorry]
[6-modules] Zeta5 modules (72): [Zeta5, Zeta5.AppendixB, Zeta5.AppendixBCheck, Zeta5.Arithmetic, Zeta5.Asymptotics, Zeta5.Audit, Zeta5.Axioms, Zeta5.Basic, Zeta5.Checks, Zeta5.Counting, Zeta5.CrudeBound, Zeta5.Functional, Zeta5.Hermite, Zeta5.HermiteBasis, Zeta5.HermiteBasisCore, Zeta5.InnerEntries, Zeta5.InnerGeneral, Zeta5.InnerTate, Zeta5.Interface, Zeta5.Lemma33, Zeta5.Lemma42, Zeta5.LocalFunctional, Zeta5.Normalization, Zeta5.OuterBasis, Zeta5.OuterLocal, Zeta5.OuterRange, Zeta5.PNT, Zeta5.Positivity, Zeta5.PrimeSum, Zeta5.RealBound, Zeta5.Sec6.Antideriv, Zeta5.Sec6.ArcComm, Zeta5.Sec6.ArcsinePot, Zeta5.Sec6.Bilinear, Zeta5.Sec6.CND, Zeta5.Sec6.Defs, Zeta5.Sec6.Energy, Zeta5.Sec6.Field, Zeta5.Sec6.Final, Zeta5.Sec6.Frullani, Zeta5.Sec6.GaussPD, Zeta5.Sec6.Gram, Zeta5.Sec6.IrhoSum, Zeta5.Sec6.LogCos, Zeta5.Sec6.LogCosInt, Zeta5.Sec6.LogCosOff, Zeta5.Sec6.LogCosOn, Zeta5.Sec6.Measures, Zeta5.Sec6.Num.Cell, Zeta5.Sec6.Num.Eval, Zeta5.Sec6.Num.Final, Zeta5.Sec6.Num.Seg1, Zeta5.Sec6.Num.Seg2, Zeta5.Sec6.Num.Seg3, Zeta5.Sec6.Num.Seg4, Zeta5.Sec6.Num.Seg5, Zeta5.Sec6.Num.Seg6, Zeta5.Sec6.Num.Sound, Zeta5.Sec6.Num.Tail, Zeta5.Sec6.PairEnergy, Zeta5.Sec6.Potential, Zeta5.Sec6.RhoCross, Zeta5.Sec6.RhoEnergy, Zeta5.Sec6.SmoothArc, Zeta5.Sec6.SmoothAux, Zeta5.Sec6.SmoothErr, Zeta5.Sec6.Swap, Zeta5.Section3, Zeta5.Section41, Zeta5.Skeleton, Zeta5.Tail, Zeta5.Uniformity]
lake env lean cert/axioms/AScan.lean  347.53s user 11.19s system 96% cpu 6:12.76 total
EXIT 0
