primes <= 100000000: 5761455 (pi(10^8) = 5761455 expected)
theta(1e6): cumsum 998484.1750256323 vs fsum 998484.1750256342
theta(1e4): numpy 9895.991379156982 vs mpmath 9895.99137915698731266895
theta(-5) = 0.0, theta(1.9) = 0.0, theta(2) = 0.6931471805599453 (log 2 = 0.6931471805599453)
               x     theta(x)/x    |theta-x|/(x/(2 log x))
           100.0     0.83728390                   1.498671
          1000.0     0.95624527                   0.604494
         10000.0     0.98959914                   0.191591
        100000.0     0.99685389                   0.072442
       1000000.0     0.99848418                   0.041884
      10000000.0     0.99951793                   0.015540
      33000000.0     0.99987013                   0.004497
     100000000.0     0.99987730                   0.004520
      31622776.6     0.99983189                   0.005806
      12345678.9     0.99973172                   0.008761
      99999999.5     0.99987731                   0.004520
sup_(x in [1e+04, 1e8]) |theta(x)/x - 1| ~ 0.017713
sup_(x in [1e+05, 1e8]) |theta(x)/x - 1| ~ 0.004731
sup_(x in [1e+06, 1e8]) |theta(x)/x - 1| ~ 0.001672
sup_(x in [1e+07, 1e8]) |theta(x)/x - 1| ~ 0.000525
window check (x >= 563): OK
