2 4 2 min v = -5 bound(no24) = -12 slack 7 v24 3
2 4 3 min v = -1 bound(no24) = -6 slack 5 v24 1
2 4 5 min v = 0 bound(no24) = -6 slack 6 v24 0
2 4 7 min v = 0 bound(no24) = 0 slack 0 v24 0
2 4 11 min v = 0 bound(no24) = 0 slack 0 v24 0
2 4 13 min v = 0 bound(no24) = 0 slack 0 v24 0
2 6 2 min v = -5 bound(no24) = -12 slack 7 v24 3
2 6 3 min v = -1 bound(no24) = -6 slack 5 v24 1
2 6 5 min v = 0 bound(no24) = -6 slack 6 v24 0
2 6 7 min v = 0 bound(no24) = -6 slack 6 v24 0
2 6 11 min v = 0 bound(no24) = 0 slack 0 v24 0
2 6 13 min v = 0 bound(no24) = 0 slack 0 v24 0
2 9 2 min v = -6 bound(no24) = -18 slack 12 v24 3
2 9 3 min v = -5 bound(no24) = -12 slack 7 v24 1
2 9 5 min v = -1 bound(no24) = -6 slack 5 v24 0
2 9 7 min v = -1 bound(no24) = -6 slack 5 v24 0
2 9 11 min v = 0 bound(no24) = 0 slack 0 v24 0
2 9 13 min v = 0 bound(no24) = 0 slack 0 v24 0
3 6 2 min v = -7 bound(no24) = -12 slack 5 v24 3
3 6 3 min v = -4 bound(no24) = -6 slack 2 v24 1
3 6 5 min v = -1 bound(no24) = -6 slack 5 v24 0
3 6 7 min v = 0 bound(no24) = -6 slack 6 v24 0
3 6 11 min v = 0 bound(no24) = 0 slack 0 v24 0
3 6 13 min v = 0 bound(no24) = 0 slack 0 v24 0
3 9 2 min v = -7 bound(no24) = -18 slack 11 v24 3
3 9 3 min v = -4 bound(no24) = -12 slack 8 v24 1
3 9 5 min v = -1 bound(no24) = -6 slack 5 v24 0
3 9 7 min v = -1 bound(no24) = -6 slack 5 v24 0
3 9 11 min v = 0 bound(no24) = 0 slack 0 v24 0
3 9 13 min v = 0 bound(no24) = 0 slack 0 v24 0
3 14 2 min v = -12 bound(no24) = -18 slack 6 v24 3
3 14 3 min v = -4 bound(no24) = -12 slack 8 v24 1
3 14 5 min v = -2 bound(no24) = -6 slack 4 v24 0
3 14 7 min v = -1 bound(no24) = -6 slack 5 v24 0
3 14 11 min v = -1 bound(no24) = -6 slack 5 v24 0
3 14 13 min v = -1 bound(no24) = -6 slack 5 v24 0
4 8 2 min v = -9 bound(no24) = -18 slack 9 v24 3
4 8 3 min v = -5 bound(no24) = -12 slack 7 v24 1
4 8 5 min v = -1 bound(no24) = -6 slack 5 v24 0
4 8 7 min v = -1 bound(no24) = -6 slack 5 v24 0
4 8 11 min v = 0 bound(no24) = 0 slack 0 v24 0
4 8 13 min v = 0 bound(no24) = 0 slack 0 v24 0
4 12 2 min v = -9 bound(no24) = -18 slack 9 v24 3
4 12 3 min v = -5 bound(no24) = -12 slack 7 v24 1
4 12 5 min v = -2 bound(no24) = -6 slack 4 v24 0
4 12 7 min v = -1 bound(no24) = -6 slack 5 v24 0
4 12 11 min v = -1 bound(no24) = -6 slack 5 v24 0
4 12 13 min v = 0 bound(no24) = -6 slack 6 v24 0
4 19 2 min v = -10 bound(no24) = -24 slack 14 v24 3
4 19 3 min v = -7 bound(no24) = -12 slack 5 v24 1
4 19 5 min v = -3 bound(no24) = -6 slack 3 v24 0
4 19 7 min v = -2 bound(no24) = -6 slack 4 v24 0
4 19 11 min v = -1 bound(no24) = -6 slack 5 v24 0
4 19 13 min v = -1 bound(no24) = -6 slack 5 v24 0
5 10 2 min v = -12 bound(no24) = -18 slack 6 v24 3
5 10 3 min v = -7 bound(no24) = -12 slack 5 v24 1
5 10 5 min v = -4 bound(no24) = -6 slack 2 v24 0
5 10 7 min v = -1 bound(no24) = -6 slack 5 v24 0
5 10 11 min v = 0 bound(no24) = -6 slack 6 v24 0
5 10 13 min v = 0 bound(no24) = 0 slack 0 v24 0
5 15 2 min v = -12 bound(no24) = -24 slack 12 v24 3
5 15 3 min v = -7 bound(no24) = -12 slack 5 v24 1
5 15 5 min v = -4 bound(no24) = -6 slack 2 v24 0
5 15 7 min v = -2 bound(no24) = -6 slack 4 v24 0
5 15 11 min v = -1 bound(no24) = -6 slack 5 v24 0
5 15 13 min v = -1 bound(no24) = -6 slack 5 v24 0
5 24 2 min v = -13 bound(no24) = -24 slack 11 v24 3
5 24 3 min v = -8 bound(no24) = -12 slack 4 v24 1
5 24 5 min v = -4 bound(no24) = -12 slack 8 v24 0
5 24 7 min v = -3 bound(no24) = -6 slack 3 v24 0
5 24 11 min v = -2 bound(no24) = -6 slack 4 v24 0
5 24 13 min v = -1 bound(no24) = -6 slack 5 v24 0
6 12 2 min v = -11 bound(no24) = -18 slack 7 v24 3
6 12 3 min v = -5 bound(no24) = -12 slack 7 v24 1
6 12 5 min v = -5 bound(no24) = -6 slack 1 v24 0
6 12 7 min v = -1 bound(no24) = -6 slack 5 v24 0
6 12 11 min v = -1 bound(no24) = -6 slack 5 v24 0
6 12 13 min v = 0 bound(no24) = -6 slack 6 v24 0
6 18 2 min v = -11 bound(no24) = -24 slack 13 v24 3
6 18 3 min v = -5 bound(no24) = -12 slack 7 v24 1
6 18 5 min v = -5 bound(no24) = -6 slack 1 v24 0
6 18 7 min v = -2 bound(no24) = -6 slack 4 v24 0
6 18 11 min v = -1 bound(no24) = -6 slack 5 v24 0
6 18 13 min v = -1 bound(no24) = -6 slack 5 v24 0
6 29 2 min v = -16 bound(no24) = -24 slack 8 v24 3
6 29 3 min v = -9 bound(no24) = -18 slack 9 v24 1
6 29 5 min v = -5 bound(no24) = -12 slack 7 v24 0
6 29 7 min v = -4 bound(no24) = -6 slack 2 v24 0
6 29 11 min v = -2 bound(no24) = -6 slack 4 v24 0
6 29 13 min v = -2 bound(no24) = -6 slack 4 v24 0
7 14 2 min v = -13 bound(no24) = -18 slack 5 v24 3
7 14 3 min v = -6 bound(no24) = -12 slack 6 v24 1
7 14 5 min v = -5 bound(no24) = -6 slack 1 v24 0
7 14 7 min v = -4 bound(no24) = -6 slack 2 v24 0
7 14 11 min v = -1 bound(no24) = -6 slack 5 v24 0
7 14 13 min v = -1 bound(no24) = -6 slack 5 v24 0
7 21 2 min v = -13 bound(no24) = -24 slack 11 v24 3
7 21 3 min v = -6 bound(no24) = -12 slack 6 v24 1
7 21 5 min v = -5 bound(no24) = -6 slack 1 v24 0
7 21 7 min v = -4 bound(no24) = -6 slack 2 v24 0
7 21 11 min v = -1 bound(no24) = -6 slack 5 v24 0
7 21 13 min v = -1 bound(no24) = -6 slack 5 v24 0
7 34 2 min v = -18 bound(no24) = -30 slack 12 v24 3
7 34 3 min v = -10 bound(no24) = -18 slack 8 v24 1
7 34 5 min v = -6 bound(no24) = -12 slack 6 v24 0
7 34 7 min v = -4 bound(no24) = -6 slack 2 v24 0
7 34 11 min v = -3 bound(no24) = -6 slack 3 v24 0
7 34 13 min v = -2 bound(no24) = -6 slack 4 v24 0
8 16 2 min v = -13 bound(no24) = -24 slack 11 v24 3
8 16 3 min v = -7 bound(no24) = -12 slack 5 v24 1
8 16 5 min v = -6 bound(no24) = -6 slack 0 v24 0
8 16 7 min v = -5 bound(no24) = -6 slack 1 v24 0
8 16 11 min v = -1 bound(no24) = -6 slack 5 v24 0
8 16 13 min v = -1 bound(no24) = -6 slack 5 v24 0
8 24 2 min v = -13 bound(no24) = -24 slack 11 v24 3
8 24 3 min v = -7 bound(no24) = -12 slack 5 v24 1
8 24 5 min v = -6 bound(no24) = -12 slack 6 v24 0
8 24 7 min v = -5 bound(no24) = -6 slack 1 v24 0
8 24 11 min v = -2 bound(no24) = -6 slack 4 v24 0
8 24 13 min v = -1 bound(no24) = -6 slack 5 v24 0
8 39 2 min v = -14 bound(no24) = -30 slack 16 v24 3
8 39 3 min v = -11 bound(no24) = -18 slack 7 v24 1
8 39 5 min v = -7 bound(no24) = -12 slack 5 v24 0
8 39 7 min v = -5 bound(no24) = -6 slack 1 v24 0
8 39 11 min v = -3 bound(no24) = -6 slack 3 v24 0
8 39 13 min v = -3 bound(no24) = -6 slack 3 v24 0
violations of no-24 bound: []
[run from the repository root: python3 numerics/lemma33/l33check.py   exit 0, about 20 s, 2026-09-23]
