a = 0.3
  LHS 1.41900397081356672956601970421
  RHS 1.41900397081356673179877909571
  laplace 1.41900397081356673179877909571
  T_1,R_1 0.368973649954431555916944505886 0.368973649954431555916944505886
  T_3,R_3 0.158966346228302401717043805533 0.158966346228302401717043805533
  sum R_l 1.41900397081356673179877909571
  ML 0.0578624350630347267538645226043 0.0578624350630347267538645226042
a = 1.0
  LHS 0.286927755143369926130417141222
  RHS 0.286927755143369926331365486457
  laplace 0.286927755143369926331365486457
  T_1,R_1 0.14028327141976113455425894052 0.14028327141976113455425894052
  T_3,R_3 0.0253429400619760973400540929087 0.0253429400619760973400540929087
  sum R_l 0.286927755143369926331365486457
  ML 0.0578624350630347267538645226043 0.0578624350630347267538645226042
a = 2.5
  LHS 0.0606705721138205783783757661832
  RHS 0.0606705721138205784105275014208
  laplace 0.0606705721138205784105275014208
  T_1,R_1 0.0350685816151012636459845372519 0.0350685816151012636459845372516
  T_3,R_3 0.00442062753310340272262898876407 0.00442062753310340272262898876407
  sum R_l 0.0606705721138205784105275014208
  ML 0.0578624350630347267538645226043 0.0578624350630347267538645226042
