zeta5_irrational: kind thm = true; levelParams = []; type == `Irrational Zeta5.zeta5` (Expr.equal): true; Irrational from some (Mathlib.NumberTheory.Real.Irrational)
Irrational := fun x => x ∉ Set.range Rat.cast
### Zeta5.zeta5  [some (Zeta5.Basic)]
TYPE: Real
VALUE: @tsum.{0, 0} Real Nat Real.instAddCommMonoid
  (@UniformSpace.toTopologicalSpace.{0} Real (@PseudoMetricSpace.toUniformSpace.{0} Real Real.pseudoMetricSpace))
  (fun (v : Nat) =>
    @HDiv.hDiv.{0, 0, 0} Real Real Real (@instHDiv.{0} Real (@DivInvMonoid.toDiv.{0} Real Real.instDivInvMonoid))
      (@OfNat.ofNat.{0} Real (nat_lit 1) (@One.toOfNat1.{0} Real Real.instOne))
      (@HPow.hPow.{0, 0, 0} Real Nat Real
        (@instHPow.{0, 0} Real Nat (@NPow.toPow.{0} Real (@Monoid.toNPow.{0} Real Real.instMonoid)))
        (@HAdd.hAdd.{0, 0, 0} Real Real Real (@instHAdd.{0} Real Real.instAdd) (@Nat.cast.{0} Real Real.instNatCast v)
          (@OfNat.ofNat.{0} Real (nat_lit 1) (@One.toOfNat1.{0} Real Real.instOne)))
        (@OfNat.ofNat.{0} Nat (nat_lit 5) (instOfNatNat (nat_lit 5)))))
  (SummationFilter.unconditional.{0} Nat)
### Zeta5.Delta  [some (Zeta5.Basic)]
TYPE: (n : Nat) → @Polynomial.{0} Rat Rat.semiring
VALUE: fun (n : Nat) =>
  @Matrix.det.{0, 0} (Fin (Zeta5.h n)) (instDecidableEqFin (Zeta5.h n)) (Fin.fintype (Zeta5.h n))
    (@Polynomial.{0} Rat Rat.semiring) (@Polynomial.commRing.{0} Rat Rat.commRing) (Zeta5.G n)
### Zeta5.G  [some (Zeta5.Basic)]
TYPE: (n : Nat) → Matrix.{0, 0, 0} (Fin (Zeta5.h n)) (Fin (Zeta5.h n)) (@Polynomial.{0} Rat Rat.semiring)
VALUE: fun (n : Nat) (i j : Fin (Zeta5.h n)) =>
  Zeta5.muOver n (Zeta5.entryNum n (@Fin.val (Zeta5.h n) i) (@Fin.val (Zeta5.h n) j))
### Zeta5.RealBound.Irho  [some (Zeta5.RealBound)]
TYPE: Real
VALUE: @Finset.sum.{0, 0} Nat Real Real.instAddCommMonoid
  (Finset.range (@OfNat.ofNat.{0} Nat (nat_lit 16) (instOfNatNat (nat_lit 16)))) fun (j : Nat) =>
  @HMul.hMul.{0, 0, 0} Real Real Real (@instHMul.{0} Real Real.instMul) (Zeta5.RealBound.wT j)
    (Real.log
      (@HDiv.hDiv.{0, 0, 0} Real Real Real (@instHDiv.{0} Real (@DivInvMonoid.toDiv.{0} Real Real.instDivInvMonoid))
        (@HSub.hSub.{0, 0, 0} Real Real Real (@instHSub.{0} Real Real.instSub) (Zeta5.RealBound.bT j)
          (Zeta5.RealBound.aT j))
        (@OfNat.ofNat.{0} Real (nat_lit 4)
          (@instOfNatAtLeastTwo.{0} Real (nat_lit 4) Real.instNatCast Zeta5.RealBound.Irho._proof_1))))
### Zeta5.RealBound.M0  [some (Zeta5.RealBound)]
TYPE: Real
VALUE: @HDiv.hDiv.{0, 0, 0} Real Real Real (@instHDiv.{0} Real (@DivInvMonoid.toDiv.{0} Real Real.instDivInvMonoid))
  (@Neg.neg.{0} Real Real.instNeg
    (@OfNat.ofNat.{0} Real (nat_lit 1329)
      (@instOfNatAtLeastTwo.{0} Real (nat_lit 1329) Real.instNatCast Zeta5.RealBound.M0._proof_1)))
  (@OfNat.ofNat.{0} Real (nat_lit 200)
    (@instOfNatAtLeastTwo.{0} Real (nat_lit 200) Real.instNatCast Zeta5.RealBound.M0._proof_2))
### Zeta5.K  [some (Zeta5.Basic)]
TYPE: (n : Nat) → Nat
VALUE: fun (n : Nat) =>
  @HMul.hMul.{0, 0, 0} Nat Nat Nat (@instHMul.{0} Nat instMulNat)
    (@OfNat.ofNat.{0} Nat (nat_lit 40) (instOfNatNat (nat_lit 40))) n
### Zeta5.N  [some (Zeta5.Basic)]
TYPE: (n : Nat) → Nat
VALUE: fun (n : Nat) =>
  @HMul.hMul.{0, 0, 0} Nat Nat Nat (@instHMul.{0} Nat instMulNat)
    (@OfNat.ofNat.{0} Nat (nat_lit 3) (instOfNatNat (nat_lit 3))) n
### Zeta5.h  [some (Zeta5.Basic)]
TYPE: (n : Nat) → Nat
VALUE: fun (n : Nat) =>
  @HMul.hMul.{0, 0, 0} Nat Nat Nat (@instHMul.{0} Nat instMulNat)
    (@OfNat.ofNat.{0} Nat (nat_lit 37) (instOfNatNat (nat_lit 37))) n
### Zeta5.lam  [some (Zeta5.Basic)]
TYPE: Rat
VALUE: @HDiv.hDiv.{0, 0, 0} Rat Rat Rat (@instHDiv.{0} Rat Rat.instDiv)
  (@OfNat.ofNat.{0} Rat (nat_lit 37) (@Rat.instOfNat (nat_lit 37)))
  (@OfNat.ofNat.{0} Rat (nat_lit 40) (@Rat.instOfNat (nat_lit 40)))
### Zeta5.evalZeta5  [some (Zeta5.Basic)]
TYPE: (P : @Polynomial.{0} Rat Rat.semiring) → Real
VALUE: fun (P : @Polynomial.{0} Rat Rat.semiring) =>
  @DFunLike.coe.{1, 1, 1}
    (@RingHom.{0, 0} (@Polynomial.{0} Rat Rat.semiring) Real
      (@Semiring.toNonAssocSemiring.{0} (@Polynomial.{0} Rat Rat.semiring) (@Polynomial.semiring.{0} Rat Rat.semiring))
      (@Semiring.toNonAssocSemiring.{0} Real Real.semiring))
    (@Polynomial.{0} Rat Rat.semiring) (fun (x : @Polynomial.{0} Rat Rat.semiring) => Real)
    (@RingHom.instFunLike.{0, 0} (@Polynomial.{0} Rat Rat.semiring) Real
      (@Semiring.toNonAssocSemiring.{0} (@Polynomial.{0} Rat Rat.semiring) (@Polynomial.semiring.{0} Rat Rat.semiring))
      (@Semiring.toNonAssocSemiring.{0} Real Real.semiring))
    Zeta5.evalZeta5Hom P
### Zeta5.zeta5_irrational  [some (Zeta5.Interface)]
TYPE: Irrational Zeta5.zeta5
VALUE: (theorem; value not shown)
### Zeta5.RealBound.eq_6_14  [some (Zeta5.RealBound)]
TYPE: ∀ (n : Nat) (hn : @LT.lt.{0} Nat instLTNat (@OfNat.ofNat.{0} Nat (nat_lit 0) (instOfNatNat (nat_lit 0))) n)
  (hΔpos :
    @LT.lt.{0} Real Real.instLT (@OfNat.ofNat.{0} Real (nat_lit 0) (@Zero.toOfNat0.{0} Real Real.instZero))
      (Zeta5.evalZeta5 (Zeta5.Delta n))),
  @LE.le.{0} Real Real.instLE (Real.log (Zeta5.evalZeta5 (Zeta5.Delta n)))
    (@HAdd.hAdd.{0, 0, 0} Real Real Real (@instHAdd.{0} Real Real.instAdd)
      (@HAdd.hAdd.{0, 0, 0} Real Real Real (@instHAdd.{0} Real Real.instAdd)
        (@HAdd.hAdd.{0, 0, 0} Real Real Real (@instHAdd.{0} Real Real.instAdd)
          (@HMul.hMul.{0, 0, 0} Real Real Real (@instHMul.{0} Real Real.instMul)
            (@HMul.hMul.{0, 0, 0} Real Real Real (@instHMul.{0} Real Real.instMul)
              (@HMul.hMul.{0, 0, 0} Real Real Real (@instHMul.{0} Real Real.instMul)
                (@OfNat.ofNat.{0} Real (nat_lit 2)
                  (@instOfNatAtLeastTwo.{0} Real (nat_lit 2) Real.instNatCast
                    (@Nat.instAtLeastTwoHAddOfNat (@OfNat.ofNat.{0} Nat (nat_lit 1) (instOfNatNat (nat_lit 1)))
                      (@Nat.instNeZeroSucc (@OfNat.ofNat.{0} Nat (nat_lit 0) (instOfNatNat (nat_lit 0)))))))
                (@Nat.cast.{0} Real Real.instNatCast (Zeta5.h n)))
              (@HSub.hSub.{0, 0, 0} Real Real Real (@instHSub.{0} Real Real.instSub)
                (@HAdd.hAdd.{0, 0, 0} Real Real Real (@instHAdd.{0} Real Real.instAdd)
                  (@Nat.cast.{0} Real Real.instNatCast (Zeta5.h n))
                  (@HMul.hMul.{0, 0, 0} Real Real Real (@instHMul.{0} Real Real.instMul)
                    (@OfNat.ofNat.{0} Real (nat_lit 6)
                      (@instOfNatAtLeastTwo.{0} Real (nat_lit 6) Real.instNatCast
                        (@Nat.instAtLeastTwoHAddOfNat (@OfNat.ofNat.{0} Nat (nat_lit 5) (instOfNatNat (nat_lit 5)))
                          (@Nat.instNeZeroSucc (@OfNat.ofNat.{0} Nat (nat_lit 4) (instOfNatNat (nat_lit 4)))))))
                    (@Nat.cast.{0} Real Real.instNatCast (Zeta5.N n))))
                (@Nat.cast.{0} Real Real.instNatCast (Zeta5.K n))))
            (Real.log (@Nat.cast.{0} Real Real.instNatCast (Zeta5.K n))))
          (@HMul.hMul.{0, 0, 0} Real Real Real (@instHMul.{0} Real Real.instMul)
            (@HSub.hSub.{0, 0, 0} Real Real Real (@instHSub.{0} Real Real.instSub)
              (@HMul.hMul.{0, 0, 0} Real Real Real (@instHMul.{0} Real Real.instMul)
                (@Rat.cast.{0} Real Real.instRatCast Zeta5.lam) Zeta5.RealBound.M0)
              Zeta5.RealBound.Irho)
            (@HPow.hPow.{0, 0, 0} Real Nat Real
              (@instHPow.{0, 0} Real Nat (@NPow.toPow.{0} Real (@Monoid.toNPow.{0} Real Real.instMonoid)))
              (@Nat.cast.{0} Real Real.instNatCast (Zeta5.K n))
              (@OfNat.ofNat.{0} Nat (nat_lit 2) (instOfNatNat (nat_lit 2))))))
        (@HMul.hMul.{0, 0, 0} Real Real Real (@instHMul.{0} Real Real.instMul)
          (@HMul.hMul.{0, 0, 0} Real Real Real (@instHMul.{0} Real Real.instMul)
            (@OfNat.ofNat.{0} Real (nat_lit 18)
              (@instOfNatAtLeastTwo.{0} Real (nat_lit 18) Real.instNatCast
                (@Nat.instAtLeastTwoHAddOfNat (@OfNat.ofNat.{0} Nat (nat_lit 17) (instOfNatNat (nat_lit 17)))
                  (@Nat.instNeZeroSucc (@OfNat.ofNat.{0} Nat (nat_lit 16) (instOfNatNat (nat_lit 16)))))))
            (@Nat.cast.{0} Real Real.instNatCast (Zeta5.h n)))
          (Real.log (@Nat.cast.{0} Real Real.instNatCast (Zeta5.K n)))))
      (@HMul.hMul.{0, 0, 0} Real Real Real (@instHMul.{0} Real Real.instMul)
        (@OfNat.ofNat.{0} Real (nat_lit 160)
          (@instOfNatAtLeastTwo.{0} Real (nat_lit 160) Real.instNatCast
            (@Nat.instAtLeastTwoHAddOfNat (@OfNat.ofNat.{0} Nat (nat_lit 159) (instOfNatNat (nat_lit 159)))
              (@Nat.instNeZeroSucc (@OfNat.ofNat.{0} Nat (nat_lit 158) (instOfNatNat (nat_lit 158)))))))
        (@Nat.cast.{0} Real Real.instNatCast (Zeta5.h n))))
VALUE: (theorem; value not shown)
### Zeta5.RealBound.prop_6_3  [some (Zeta5.RealBound)]
TYPE: ∀ (n : Nat) (hn : @LT.lt.{0} Nat instLTNat (@OfNat.ofNat.{0} Nat (nat_lit 0) (instOfNatNat (nat_lit 0))) n)
  (hΔpos :
    @LT.lt.{0} Real Real.instLT (@OfNat.ofNat.{0} Real (nat_lit 0) (@Zero.toOfNat0.{0} Real Real.instZero))
      (Zeta5.evalZeta5 (Zeta5.Delta n))),
  @LE.le.{0} Real Real.instLE (Real.log (Zeta5.evalZeta5 (Zeta5.F n)))
    (@HAdd.hAdd.{0, 0, 0} Real Real Real (@instHAdd.{0} Real Real.instAdd)
      (@HAdd.hAdd.{0, 0, 0} Real Real Real (@instHAdd.{0} Real Real.instAdd)
        (@HMul.hMul.{0, 0, 0} Real Real Real (@instHMul.{0} Real Real.instMul)
          (@Rat.cast.{0} Real Real.instRatCast Zeta5.Ubar)
          (@HPow.hPow.{0, 0, 0} Real Nat Real
            (@instHPow.{0, 0} Real Nat (@NPow.toPow.{0} Real (@Monoid.toNPow.{0} Real Real.instMonoid)))
            (@Nat.cast.{0} Real Real.instNatCast (Zeta5.K n))
            (@OfNat.ofNat.{0} Nat (nat_lit 2) (instOfNatNat (nat_lit 2)))))
        (@HMul.hMul.{0, 0, 0} Real Real Real (@instHMul.{0} Real Real.instMul)
          (@HMul.hMul.{0, 0, 0} Real Real Real (@instHMul.{0} Real Real.instMul)
            (@OfNat.ofNat.{0} Real (nat_lit 24)
              (@instOfNatAtLeastTwo.{0} Real (nat_lit 24) Real.instNatCast
                (@Nat.instAtLeastTwoHAddOfNat (@OfNat.ofNat.{0} Nat (nat_lit 23) (instOfNatNat (nat_lit 23)))
                  (@Nat.instNeZeroSucc (@OfNat.ofNat.{0} Nat (nat_lit 22) (instOfNatNat (nat_lit 22)))))))
            (@Nat.cast.{0} Real Real.instNatCast (Zeta5.K n)))
          (Real.log (@Nat.cast.{0} Real Real.instNatCast (Zeta5.K n)))))
      (@HMul.hMul.{0, 0, 0} Real Real Real (@instHMul.{0} Real Real.instMul)
        (@OfNat.ofNat.{0} Real (nat_lit 200)
          (@instOfNatAtLeastTwo.{0} Real (nat_lit 200) Real.instNatCast
            (@Nat.instAtLeastTwoHAddOfNat (@OfNat.ofNat.{0} Nat (nat_lit 199) (instOfNatNat (nat_lit 199)))
              (@Nat.instNeZeroSucc (@OfNat.ofNat.{0} Nat (nat_lit 198) (instOfNatNat (nat_lit 198)))))))
        (@Nat.cast.{0} Real Real.instNatCast (Zeta5.K n))))
VALUE: (theorem; value not shown)
### Zeta5.prop_6_3  [some (Zeta5.Interface)]
TYPE: ∀ (n : Nat) (hn : @LT.lt.{0} Nat instLTNat (@OfNat.ofNat.{0} Nat (nat_lit 0) (instOfNatNat (nat_lit 0))) n),
  @LE.le.{0} Real Real.instLE (Real.log (Zeta5.evalZeta5 (Zeta5.F n)))
    (@HAdd.hAdd.{0, 0, 0} Real Real Real (@instHAdd.{0} Real Real.instAdd)
      (@HAdd.hAdd.{0, 0, 0} Real Real Real (@instHAdd.{0} Real Real.instAdd)
        (@HMul.hMul.{0, 0, 0} Real Real Real (@instHMul.{0} Real Real.instMul)
          (@Rat.cast.{0} Real Real.instRatCast Zeta5.Ubar)
          (@HPow.hPow.{0, 0, 0} Real Nat Real
            (@instHPow.{0, 0} Real Nat (@NPow.toPow.{0} Real (@Monoid.toNPow.{0} Real Real.instMonoid)))
            (@Nat.cast.{0} Real Real.instNatCast (Zeta5.K n))
            (@OfNat.ofNat.{0} Nat (nat_lit 2) (instOfNatNat (nat_lit 2)))))
        (@HMul.hMul.{0, 0, 0} Real Real Real (@instHMul.{0} Real Real.instMul)
          (@HMul.hMul.{0, 0, 0} Real Real Real (@instHMul.{0} Real Real.instMul)
            (@OfNat.ofNat.{0} Real (nat_lit 24)
              (@instOfNatAtLeastTwo.{0} Real (nat_lit 24) Real.instNatCast
                (@Nat.instAtLeastTwoHAddOfNat (@OfNat.ofNat.{0} Nat (nat_lit 23) (instOfNatNat (nat_lit 23)))
                  (@Nat.instNeZeroSucc (@OfNat.ofNat.{0} Nat (nat_lit 22) (instOfNatNat (nat_lit 22)))))))
            (@Nat.cast.{0} Real Real.instNatCast (Zeta5.K n)))
          (Real.log (@Nat.cast.{0} Real Real.instNatCast (Zeta5.K n)))))
      (@HMul.hMul.{0, 0, 0} Real Real Real (@instHMul.{0} Real Real.instMul)
        (@OfNat.ofNat.{0} Real (nat_lit 200)
          (@instOfNatAtLeastTwo.{0} Real (nat_lit 200) Real.instNatCast
            (@Nat.instAtLeastTwoHAddOfNat (@OfNat.ofNat.{0} Nat (nat_lit 199) (instOfNatNat (nat_lit 199)))
              (@Nat.instNeZeroSucc (@OfNat.ofNat.{0} Nat (nat_lit 198) (instOfNatNat (nat_lit 198)))))))
        (@Nat.cast.{0} Real Real.instNatCast (Zeta5.K n))))
VALUE: (theorem; value not shown)
