cauchy_cnd                                    same  ['CND.lean']
frullani_cauchy                               same  ['Frullani.lean']
frullani_integrable                           same  ['Frullani.lean']
gauss_pd                                      same  ['GaussPD.lean']
swap_frullani                                 same  ['Swap.lean']
rho_cross                                     same  ['RhoCross.lean']
arcsine_smooth_err                            same  ['SmoothArc.lean']
smooth_err_norm                               same  ['SmoothErr.lean']
exists_nearest_cos                            same  ['SmoothAux.lean']
integral_log_one_add_sq_div                   same  ['Antideriv.lean']
arcsine_pot                                   same  ['ArcsinePot.lean']
intervalIntegrable_log_abs_sub_cos            same  ['LogCosInt.lean']
integral_log_abs_sub_cos_of_abs_le            same  ['LogCosOn.lean']
integral_log_abs_sub_cos_of_one_lt_abs        same  ['LogCosOff.lean']
pair_energy_ge                                same  ['PairEnergy.lean']
kE_arc_comm                                   same  ['ArcComm.lean']
kE_rhoM_expand                                same  ['Bilinear.lean']
Irho_double_sum                               same  ['IrhoSum.lean']
integral_log_add_sq                           same  ['Field.lean']
eq_6_14                                       same  ['Final.lean']
prop_6_3                                      same  ['Final.lean']
configBound                                   same  ['Energy.lean']
eq_6_14_of_config                             same  ['Gram.lean']
ConfigBound                                   same  ['Defs.lean']
kC                                            same  ['Defs.lean']
kE                                            same  ['Defs.lean']
rhoM                                          same  ['Defs.lean']
arc                                           same  ['Defs.lean']
arcsine                                       same  ['Defs.lean']
Urho                                          same  ['Defs.lean']
Uarc                                          same  ['Defs.lean']
Vfield                                        same  ['Defs.lean']
Vclosed                                       same  ['Defs.lean', 'Cell.lean']
leaves found: 19 / 19   differences: 0
sorries at 4dea216: 19
sorries at HEAD (Sec6, outside comments): 0
