replaying Zeta5
replaying Zeta5.Counting
replaying Zeta5.Positivity
replaying Zeta5.Section41
replaying Zeta5.InnerEntries
replaying Zeta5.Lemma33
replaying Zeta5.Functional
replaying Zeta5.Axioms
replaying Zeta5.LocalFunctional
replaying Zeta5.Uniformity
replaying Zeta5.Arithmetic
replaying Zeta5.PrimeSum
replaying Zeta5.Checks
replaying Zeta5.HermiteBasis
replaying Zeta5.InnerTate
replaying Zeta5.OuterLocal
replaying Zeta5.AppendixB
replaying Zeta5.Basic
replaying Zeta5.Lemma42
replaying Zeta5.Interface
replaying Zeta5.HermiteBasisCore
replaying Zeta5.Skeleton
replaying Zeta5.OuterRange
replaying Zeta5.Normalization
replaying Zeta5.Tail
replaying Zeta5.InnerGeneral
replaying Zeta5.CrudeBound
replaying Zeta5.Sec6.SmoothArc
replaying Zeta5.Sec6.LogCosInt
replaying Zeta5.Sec6.Defs
replaying Zeta5.Sec6.SmoothErr
replaying Zeta5.Sec6.IrhoSum
replaying Zeta5.Sec6.Bilinear
replaying Zeta5.Sec6.PairEnergy
replaying Zeta5.Sec6.Frullani
replaying Zeta5.Sec6.LogCosOff
replaying Zeta5.Sec6.Field
replaying Zeta5.Sec6.RhoCross
replaying Zeta5.Sec6.Gram
replaying Zeta5.Sec6.LogCosOn
replaying Zeta5.Sec6.Final
replaying Zeta5.Sec6.Potential
replaying Zeta5.Sec6.CND
replaying Zeta5.Sec6.Num.Seg5
replaying Zeta5.Sec6.Num.Cell
replaying Zeta5.Sec6.Num.Seg3
replaying Zeta5.Sec6.Num.Seg1
replaying Zeta5.Sec6.Num.Eval
replaying Zeta5.Sec6.Num.Seg6
replaying Zeta5.Sec6.Num.Seg4
replaying Zeta5.Sec6.Num.Final
replaying Zeta5.Sec6.Num.Seg2
replaying Zeta5.Sec6.Num.Tail
replaying Zeta5.Sec6.Num.Sound
replaying Zeta5.Sec6.Swap
replaying Zeta5.Sec6.Energy
replaying Zeta5.Sec6.LogCos
replaying Zeta5.Sec6.ArcsinePot
replaying Zeta5.Sec6.Measures
replaying Zeta5.Sec6.GaussPD
replaying Zeta5.Sec6.SmoothAux
replaying Zeta5.Sec6.Antideriv
replaying Zeta5.Sec6.ArcComm
replaying Zeta5.Sec6.RhoEnergy
replaying Zeta5.RealBound
replaying Zeta5.Section3
replaying Zeta5.Audit
replaying Zeta5.AppendixBCheck
replaying Zeta5.Asymptotics
replaying Zeta5.OuterBasis
lake env leanchecker --verbose Zeta5  491.69s user 2827.96s system 105% cpu 52:32.54 total
EXIT 0
