cert/C3Walker.lean:144:8: warning: declaration uses `sorry`
=== C3 C3ctl.uses_sorry_2
  constants reached : 327   (missing from env: 0)
  axioms (1) : [sorryAx]
  vs Lean.collectAxioms : AGREE
  sorry leaves (1) : [C3ctl.planted_sorry]
    chain to sorry leaf  : C3ctl.uses_sorry_2 → C3ctl.uses_sorry_1 → C3ctl.planted_sorry   [3 links]
=== C3 C3ctl.uses_axiom_2
  constants reached : 36   (missing from env: 0)
  axioms (1) : [C3ctl.planted_axiom]
  vs Lean.collectAxioms : AGREE
  sorry leaves (0) : []
    chain to axiom       : C3ctl.uses_axiom_2 → C3ctl.uses_axiom_1 → C3ctl.planted_axiom   [3 links]
=== C3 C3ctl.clean
  constants reached : 32   (missing from env: 0)
  axioms (0) : []
  vs Lean.collectAxioms : AGREE
  sorry leaves (0) : []
TRAP Zeta5.zeta5_irrational: theorem=true  value?.isSome=false  broken walker visits 1472 constants, finds sorry: false
TRAP C3ctl.uses_sorry_2: theorem=true  value?.isSome=false  broken walker visits 30 constants, finds sorry: false
=== C3 Zeta5.zeta5_irrational
  constants reached : 62097   (missing from env: 0)
  axioms (6) : [Classical.choice, Quot.sound, Zeta5.Axioms.hermite_pole_integral, Zeta5.Axioms.pnt_prime_riemann_sum, propext, sorryAx]
  vs Lean.collectAxioms : AGREE
  sorry leaves (1) : [Zeta5.RealBound.eq_6_14]
    chain to sorry leaf  : Zeta5.zeta5_irrational → Zeta5.theorem_2_1 → Zeta5.decay_2_7 → Zeta5.decay_of_margin → Zeta5.eq_7_1 → Zeta5.prop_6_3 → Zeta5.RealBound.prop_6_3 → Zeta5.RealBound.eq_6_14   [8 links]
    chain to axiom       : Zeta5.zeta5_irrational → Zeta5.theorem_2_1 → Zeta5.Q_pos → Zeta5.F_pos → Zeta5.delta_pos → Zeta5.prop_2_2 → Zeta5.Positivity.prop_2_2 → Zeta5.Positivity.quadForm_eq_integral → Zeta5.Positivity.prop_2_2_moment → Zeta5.Positivity.integral_pole_term → Zeta5.Positivity.integral_wt_div_pole → Zeta5.Axioms.hermite_pole_integral   [12 links]
    chain to axiom       : Zeta5.zeta5_irrational → Zeta5.theorem_2_1 → Zeta5.decay_2_7 → Zeta5.decay_of_margin → Zeta5.eq_7_1 → Zeta5.eq_5_21 → Zeta5.prop_5_2 → Zeta5.PrimeSum.prop_5_2 → Zeta5.PrimeSum.tendsto_P2 → Zeta5.PrimeSum.tendsto_primeSum → Zeta5.Axioms.pnt_prime_riemann_sum   [11 links]
=== C3 Zeta5.theorem_1_1
  constants reached : 18322   (missing from env: 0)
  axioms (3) : [Classical.choice, Quot.sound, propext]
  vs Lean.collectAxioms : AGREE
  sorry leaves (0) : []
=== C3 Zeta5.theorem_2_1
  constants reached : 62071   (missing from env: 0)
  axioms (6) : [Classical.choice, Quot.sound, Zeta5.Axioms.hermite_pole_integral, Zeta5.Axioms.pnt_prime_riemann_sum, propext, sorryAx]
  vs Lean.collectAxioms : AGREE
  sorry leaves (1) : [Zeta5.RealBound.eq_6_14]
    chain to sorry leaf  : Zeta5.theorem_2_1 → Zeta5.decay_2_7 → Zeta5.decay_of_margin → Zeta5.eq_7_1 → Zeta5.prop_6_3 → Zeta5.RealBound.prop_6_3 → Zeta5.RealBound.eq_6_14   [7 links]
    chain to axiom       : Zeta5.theorem_2_1 → Zeta5.Q_pos → Zeta5.F_pos → Zeta5.delta_pos → Zeta5.prop_2_2 → Zeta5.Positivity.prop_2_2 → Zeta5.Positivity.quadForm_eq_integral → Zeta5.Positivity.prop_2_2_moment → Zeta5.Positivity.integral_pole_term → Zeta5.Positivity.integral_wt_div_pole → Zeta5.Axioms.hermite_pole_integral   [11 links]
    chain to axiom       : Zeta5.theorem_2_1 → Zeta5.decay_2_7 → Zeta5.decay_of_margin → Zeta5.eq_7_1 → Zeta5.eq_5_21 → Zeta5.prop_5_2 → Zeta5.PrimeSum.prop_5_2 → Zeta5.PrimeSum.tendsto_P2 → Zeta5.PrimeSum.tendsto_primeSum → Zeta5.Axioms.pnt_prime_riemann_sum   [10 links]
=== C3 Zeta5.outer_local_analysis
  constants reached : 32684   (missing from env: 0)
  axioms (3) : [Classical.choice, Quot.sound, propext]
  vs Lean.collectAxioms : AGREE
  sorry leaves (0) : []
=== C3 Zeta5.PrimeSum.eq_5_7_uniformity
  constants reached : 36305   (missing from env: 0)
  axioms (3) : [Classical.choice, Quot.sound, propext]
  vs Lean.collectAxioms : AGREE
  sorry leaves (0) : []
=== C3 Zeta5.CrudeBound.crude_entry_bound
  constants reached : 18976   (missing from env: 0)
  axioms (3) : [Classical.choice, Quot.sound, propext]
  vs Lean.collectAxioms : AGREE
  sorry leaves (0) : []
=== C3 Zeta5.Section3.entry_bounds_4_2_4_3
  constants reached : 32248   (missing from env: 0)
  axioms (3) : [Classical.choice, Quot.sound, propext]
  vs Lean.collectAxioms : AGREE
  sorry leaves (0) : []
=== C3 Zeta5.HermiteBasis.det_coeffMatrix_unimodular
  constants reached : 23635   (missing from env: 0)
  axioms (3) : [Classical.choice, Quot.sound, propext]
  vs Lean.collectAxioms : AGREE
  sorry leaves (0) : []
=== C3 Zeta5.OuterBasis.outer_local_core
  constants reached : 32564   (missing from env: 0)
  axioms (3) : [Classical.choice, Quot.sound, propext]
  vs Lean.collectAxioms : AGREE
  sorry leaves (0) : []
=== C3 Zeta5.Uniformity.eq_5_7_uniformity
  constants reached : 36304   (missing from env: 0)
  axioms (3) : [Classical.choice, Quot.sound, propext]
  vs Lean.collectAxioms : AGREE
  sorry leaves (0) : []
=== C3 Zeta5.Lemma33.lemma_3_3
  constants reached : 17970   (missing from env: 0)
  axioms (3) : [Classical.choice, Quot.sound, propext]
  vs Lean.collectAxioms : AGREE
  sorry leaves (0) : []
=== C3 Zeta5.InnerEntries.entry_bounds
  constants reached : 32247   (missing from env: 0)
  axioms (3) : [Classical.choice, Quot.sound, propext]
  vs Lean.collectAxioms : AGREE
  sorry leaves (0) : []
=== C3 Zeta5.RealBound.eq_6_14
  constants reached : 18043   (missing from env: 0)
  axioms (4) : [Classical.choice, Quot.sound, propext, sorryAx]
  vs Lean.collectAxioms : AGREE
  sorry leaves (1) : [Zeta5.RealBound.eq_6_14]
    chain to sorry leaf  : Zeta5.RealBound.eq_6_14   [1 links]
'Zeta5.zeta5_irrational' depends on axioms: [propext,
 sorryAx,
 Classical.choice,
 Quot.sound,
 Zeta5.Axioms.hermite_pole_integral,
 Zeta5.Axioms.pnt_prime_riemann_sum]
'Zeta5.theorem_1_1' depends on axioms: [propext, Classical.choice, Quot.sound]
'Zeta5.theorem_2_1' depends on axioms: [propext,
 sorryAx,
 Classical.choice,
 Quot.sound,
 Zeta5.Axioms.hermite_pole_integral,
 Zeta5.Axioms.pnt_prime_riemann_sum]
'Zeta5.outer_local_analysis' depends on axioms: [propext, Classical.choice, Quot.sound]
'Zeta5.PrimeSum.eq_5_7_uniformity' depends on axioms: [propext, Classical.choice, Quot.sound]
'Zeta5.CrudeBound.crude_entry_bound' depends on axioms: [propext, Classical.choice, Quot.sound]
'Zeta5.Section3.entry_bounds_4_2_4_3' depends on axioms: [propext, Classical.choice, Quot.sound]
'Zeta5.HermiteBasis.det_coeffMatrix_unimodular' depends on axioms: [propext, Classical.choice, Quot.sound]
'Zeta5.RealBound.eq_6_14' depends on axioms: [propext, sorryAx, Classical.choice, Quot.sound]
'C3ctl.uses_sorry_2' depends on axioms: [sorryAx]
'C3ctl.uses_axiom_2' depends on axioms: [C3ctl.planted_axiom]
[run from the repository root: lake env lean cert/C3Walker.lean   exit 0, 231 s wall, 2026-09-23]
