START 10:38:15
✔ [8924/8957] Built Zeta5.Basic (11s)
✔ [8925/8957] Built Zeta5.HermiteBasisCore (11s)
✔ [8926/8957] Built Zeta5.Axioms (16s)
ℹ [8927/8957] Built Zeta5.HermiteBasis (17s)
info: Zeta5/HermiteBasis.lean:273:0: 'Zeta5.HermiteBasis.det_coeffMatrix_unimodular' depends on axioms: [propext, Classical.choice, Quot.sound]
info: Zeta5/HermiteBasis.lean:274:0: 'Zeta5.HermiteBasis.hermite_linearIndependent' depends on axioms: [propext, Classical.choice, Quot.sound]
info: Zeta5/HermiteBasis.lean:275:0: 'Zeta5.HermiteBasis.det_coeffMatrix_hermite_ne_zero' depends on axioms: [propext, Classical.choice, Quot.sound]
info: Zeta5/HermiteBasis.lean:276:0: 'Zeta5.HermiteBasis.hermitePoly_map' depends on axioms: [propext, Classical.choice, Quot.sound]
info: Zeta5/HermiteBasis.lean:277:0: 'Zeta5.HermiteBasis.hermitePoly_monic' depends on axioms: [propext, Classical.choice, Quot.sound]
info: Zeta5/HermiteBasis.lean:278:0: 'Zeta5.HermiteBasis.hermitePoly_natDegree' depends on axioms: [propext, Classical.choice, Quot.sound]
info: Zeta5/HermiteBasis.lean:279:0: 'Zeta5.HermiteBasis.coeffMatrix_row_sum' depends on axioms: [propext, Classical.choice, Quot.sound]
info: Zeta5/HermiteBasis.lean:280:0: 'Zeta5.HermiteBasis.sq_injective' depends on axioms: [propext, Classical.choice, Quot.sound]
info: Zeta5/HermiteBasis.lean:281:0: 'Zeta5.HermiteBasis.sq_injective_half' depends on axioms: [propext, Classical.choice, Quot.sound]
ℹ [8928/8957] Built Zeta5.Normalization (18s)
info: Zeta5/Normalization.lean:436:0: 'Zeta5.prop_5_1_of' depends on axioms: [propext, Classical.choice, Quot.sound]
info: Zeta5/Normalization.lean:437:0: 'Zeta5.exists_intPoly_of_vG' depends on axioms: [propext, Classical.choice, Quot.sound]
info: Zeta5/Normalization.lean:438:0: 'Zeta5.isInt_of_forall_padicValRat_nonneg' depends on axioms: [propext, Classical.choice, Quot.sound]
info: Zeta5/Normalization.lean:439:0: 'Zeta5.vGAtLeast_mul' depends on axioms: [propext, Classical.choice, Quot.sound]
info: Zeta5/Normalization.lean:440:0: 'Zeta5.vGAtLeast_C_mul' depends on axioms: [propext, Classical.choice, Quot.sound]
info: Zeta5/Normalization.lean:441:0: 'Zeta5.padicValRat_mKM' depends on axioms: [propext, Classical.choice, Quot.sound]
info: Zeta5/Normalization.lean:442:0: 'Zeta5.vS_eq_zero_of_two_h_lt' depends on axioms: [propext, Classical.choice, Quot.sound]
info: Zeta5/Normalization.lean:443:0: 'Zeta5.outer_hypotheses' depends on axioms: [propext, Classical.choice, Quot.sound]
✔ [8929/8957] Built Zeta5.Asymptotics (19s)
ℹ [8930/8957] Built Zeta5.Functional (19s)
info: Zeta5/Functional.lean:785:0: 'Zeta5.Functional.partial_fractions' depends on axioms: [propext, Classical.choice, Quot.sound]
info: Zeta5/Functional.lean:786:0: 'Zeta5.Functional.partial_fraction_unique' depends on axioms: [propext, Classical.choice, Quot.sound]
info: Zeta5/Functional.lean:787:0: 'Zeta5.Functional.muOver_add' depends on axioms: [propext, Classical.choice, Quot.sound]
info: Zeta5/Functional.lean:788:0: 'Zeta5.Functional.muOver_C_mul' depends on axioms: [propext, Classical.choice, Quot.sound]
info: Zeta5/Functional.lean:789:0: 'Zeta5.Functional.muOver_poly' depends on axioms: [propext, Classical.choice, Quot.sound]
info: Zeta5/Functional.lean:790:0: 'Zeta5.Functional.muOver_cof' depends on axioms: [propext, Classical.choice, Quot.sound]
info: Zeta5/Functional.lean:791:0: 'Zeta5.Functional.muOver_coeff_one' depends on axioms: [propext, Classical.choice, Quot.sound]
info: Zeta5/Functional.lean:792:0: 'Zeta5.Functional.Delta_coeff_h' depends on axioms: [propext, Classical.choice, Quot.sound]
info: Zeta5/Functional.lean:793:0: 'Zeta5.Functional.Gcoef_factor' depends on axioms: [propext, Classical.choice, Quot.sound]
info: Zeta5/Functional.lean:794:0: 'Zeta5.Functional.prod_offDiag' depends on axioms: [propext, Classical.choice, Quot.sound]
info: Zeta5/Functional.lean:795:0: 'Zeta5.Functional.eq_2_9' depends on axioms: [propext, Classical.choice, Quot.sound]
info: Zeta5/Functional.lean:796:0: 'Zeta5.Functional.Delta_natDegree' depends on axioms: [propext, Classical.choice, Quot.sound]
info: Zeta5/Functional.lean:797:0: 'Zeta5.Functional.Q_natDegree' depends on axioms: [propext, Classical.choice, Quot.sound]
info: Zeta5/Functional.lean:798:0: 'Zeta5.Functional.muMono_eq_zeta' depends on axioms: [propext, Classical.choice, Quot.sound]
ℹ [8931/8957] Built Zeta5.Lemma42 (19s)
info: Zeta5/Lemma42.lean:659:0: 'Zeta5.lemma_4_2' depends on axioms: [propext, Classical.choice, Quot.sound]
info: Zeta5/Lemma42.lean:660:0: 'Zeta5.lemma_4_2_rank_zero' depends on axioms: [propext, Classical.choice, Quot.sound]
info: Zeta5/Lemma42.lean:661:0: 'Zeta5.lemma_4_2_rank_zero_gauss' depends on axioms: [propext, Classical.choice, Quot.sound]
info: Zeta5/Lemma42.lean:662:0: 'Zeta5.lemma_4_2_needs_half_integers' depends on axioms: [propext, Classical.choice, Quot.sound]
info: Zeta5/Lemma42.lean:663:0: 'Zeta5.lemma_4_2_attained' depends on axioms: [propext, Classical.choice, Quot.sound]
info: Zeta5/Lemma42.lean:664:0: 'Zeta5.det_add_eq_sum_mixCol' depends on axioms: [propext, Classical.choice, Quot.sound]
info: Zeta5/Lemma42.lean:665:0: 'Zeta5.mixCol_det_eq_zero' depends on axioms: [propext, Classical.choice, Quot.sound]
info: Zeta5/Lemma42.lean:666:0: 'Zeta5.loss_le' depends on axioms: [propext, Classical.choice, Quot.sound]
info: Zeta5/Lemma42.lean:667:0: 'Zeta5.gaussGe_intCast' depends on axioms: [propext, Classical.choice, Quot.sound]
✔ [8932/8957] Built Zeta5.Skeleton (19s)
✔ [8933/8957] Built Zeta5.Tail (20s)
✔ [8934/8957] Built Zeta5.Counting (22s)
⚠ [8935/8957] Built Zeta5.RealBound (32s)
warning: Zeta5/RealBound.lean:856:8: declaration uses `sorry`
info: Zeta5/RealBound.lean:1168:0: 'Zeta5.RealBound.A10_Irho' depends on axioms: [propext, Classical.choice, Quot.sound]
info: Zeta5/RealBound.lean:1169:0: 'Zeta5.RealBound.A10_Cstar' depends on axioms: [propext, Classical.choice, Quot.sound]
info: Zeta5/RealBound.lean:1170:0: 'Zeta5.RealBound.eq_6_4' depends on axioms: [propext, Classical.choice, Quot.sound]
info: Zeta5/RealBound.lean:1171:0: 'Zeta5.RealBound.eq_6_15' depends on axioms: [propext, Classical.choice, Quot.sound]
info: Zeta5/RealBound.lean:1172:0: 'Zeta5.RealBound.eq_6_11' depends on axioms: [propext, Classical.choice, Quot.sound]
info: Zeta5/RealBound.lean:1173:0: 'Zeta5.RealBound.table2_tiles' depends on axioms: [propext]
info: Zeta5/RealBound.lean:1174:0: 'Zeta5.RealBound.prop_6_3_of' depends on axioms: [propext, Classical.choice, Quot.sound]
info: Zeta5/RealBound.lean:1175:0: 'Zeta5.RealBound.prop_6_3' depends on axioms: [propext, sorryAx, Classical.choice, Quot.sound]
ℹ [8936/8957] Built Zeta5.OuterLocal (16s)
info: Zeta5/OuterLocal.lean:821:0: 'Zeta5.OuterLocal.inv_pow_five_pair' depends on axioms: [propext, Classical.choice, Quot.sound]
info: Zeta5/OuterLocal.lean:822:0: 'Zeta5.OuterLocal.H5_p_sub_one_congr_zero' depends on axioms: [propext, Classical.choice, Quot.sound]
info: Zeta5/OuterLocal.lean:823:0: 'Zeta5.OuterLocal.H5_congr' depends on axioms: [propext, Classical.choice, Quot.sound]
info: Zeta5/OuterLocal.lean:824:0: 'Zeta5.OuterLocal.muPole_tail_is_needed' depends on axioms: [propext, Classical.choice, Quot.sound]
info: Zeta5/OuterLocal.lean:825:0: 'Zeta5.OuterLocal.neg_inv_not_congr_zero' depends on axioms: [propext, Classical.choice, Quot.sound]
info: Zeta5/OuterLocal.lean:826:0: 'Zeta5.OuterLocal.muPole_congr' depends on axioms: [propext, Classical.choice, Quot.sound]
info: Zeta5/OuterLocal.lean:827:0: 'Zeta5.OuterLocal.node_sub_valuation' depends on axioms: [propext, Classical.choice, Quot.sound]
info: Zeta5/OuterLocal.lean:828:0: 'Zeta5.OuterLocal.divided_difference_int' depends on axioms: [propext, Classical.choice, Quot.sound]
info: Zeta5/OuterLocal.lean:829:0: 'Zeta5.OuterLocal.muPole_divided_difference' depends on axioms: [propext, Classical.choice, Quot.sound]
info: Zeta5/OuterLocal.lean:830:0: 'Zeta5.OuterLocal.gram_basis_change' depends on axioms: [propext, Classical.choice, Quot.sound]
info: Zeta5/OuterLocal.lean:831:0: 'Zeta5.OuterLocal.det_Gram' depends on axioms: [propext, Classical.choice, Quot.sound]
info: Zeta5/OuterLocal.lean:832:0: 'Zeta5.OuterLocal.Delta_eq_of_basis' depends on axioms: [propext, Classical.choice, Quot.sound]
info: Zeta5/OuterLocal.lean:833:0: 'Zeta5.OuterLocal.padicValRat_unimodular' depends on axioms: [propext, Classical.choice, Quot.sound]
ℹ [8937/8957] Built Zeta5.Positivity (23s)
info: Zeta5/Positivity.lean:801:0: 'Zeta5.Positivity.wt_pos' depends on axioms: [propext, Classical.choice, Quot.sound]
info: Zeta5/Positivity.lean:802:0: 'Zeta5.Positivity.integral_pow_mul_exp' depends on axioms: [propext, Classical.choice, Quot.sound]
info: Zeta5/Positivity.lean:803:0: 'Zeta5.Positivity.integral_pow_mul_wt' depends on axioms: [propext, Classical.choice, Quot.sound]
info: Zeta5/Positivity.lean:804:0: 'Zeta5.Positivity.integrableOn_pow_mul_wt' depends on axioms: [propext, Classical.choice, Quot.sound]
info: Zeta5/Positivity.lean:805:0: 'Zeta5.Positivity.integrand_decomp' depends on axioms: [propext, Classical.choice, Quot.sound]
info: Zeta5/Positivity.lean:806:0: 'Zeta5.Positivity.integral_aeval_mul_wt' depends on axioms: [propext, Classical.choice, Quot.sound]
info: Zeta5/Positivity.lean:807:0: 'Zeta5.Positivity.integral_wt_div_pole' depends on axioms: [propext,
 Classical.choice,
 Quot.sound,
 Axioms.hermite_pole_integral]
info: Zeta5/Positivity.lean:808:0: 'Zeta5.Positivity.prop_2_2_moment' depends on axioms: [propext,
 Classical.choice,
 Quot.sound,
 Axioms.hermite_pole_integral]
info: Zeta5/Positivity.lean:809:0: 'Zeta5.Positivity.prop_2_2' depends on axioms: [propext, Classical.choice, Quot.sound, Axioms.hermite_pole_integral]
ℹ [8938/8957] Built Zeta5.Section41 (20s)
info: Zeta5/Section41.lean:1113:0: 'Zeta5.ell_closed' depends on axioms: [propext, Classical.choice, Quot.sound]
info: Zeta5/Section41.lean:1114:0: 'Zeta5.ell_lt_caseSplit' depends on axioms: [propext, Classical.choice, Quot.sound]
info: Zeta5/Section41.lean:1115:0: 'Zeta5.ell_naive_attained' depends on axioms: [propext, Classical.choice, Quot.sound]
info: Zeta5/Section41.lean:1116:0: 'Zeta5.ell_eq_naive_of_large_v' depends on axioms: [propext, Classical.choice, Quot.sound]
info: Zeta5/Section41.lean:1117:0: 'Zeta5.naive_not_enough' depends on axioms: [propext, Quot.sound]
info: Zeta5/Section41.lean:1118:0: 'Zeta5.exists_TE' depends on axioms: [propext, Classical.choice, Quot.sound]
info: Zeta5/Section41.lean:1119:0: 'Zeta5.unique_TE' depends on axioms: [propext, Classical.choice, Quot.sound]
info: Zeta5/Section41.lean:1120:0: 'Zeta5.T_lt' depends on axioms: [propext, Classical.choice, Quot.sound]
info: Zeta5/Section41.lean:1121:0: 'Zeta5.T_gt' depends on axioms: [propext, Classical.choice, Quot.sound]
info: Zeta5/Section41.lean:1122:0: 'Zeta5.L_gt_three_halves' depends on axioms: [propext, Classical.choice, Quot.sound]
info: Zeta5/Section41.lean:1123:0: 'Zeta5.dimension_identity' depends on axioms: [propext, Classical.choice, Quot.sound]
info: Zeta5/Section41.lean:1124:0: 'Zeta5.InnerAlloc.sum_rowW' depends on axioms: [propext, Classical.choice, Quot.sound]
info: Zeta5/Section41.lean:1125:0: 'Zeta5.ell_two_consecutive' depends on axioms: [propext, Classical.choice, Quot.sound]
info: Zeta5/Section41.lean:1126:0: 'Zeta5.weight_comparison' depends on axioms: [propext, Classical.choice, Quot.sound]
info: Zeta5/Section41.lean:1127:0: 'Zeta5.zero_source_bound' depends on axioms: [propext, Classical.choice, Quot.sound]
info: Zeta5/Section41.lean:1128:0: 'Zeta5.degree_bound_ordinary' depends on axioms: [propext, Classical.choice, Quot.sound]
info: Zeta5/Section41.lean:1129:0: 'Zeta5.degrees_le_p_add_one' depends on axioms: [propext, Classical.choice, Quot.sound]
info: Zeta5/Section41.lean:1130:0: 'Zeta5.vGAtLeast_det' depends on axioms: [propext, Classical.choice, Quot.sound]
info: Zeta5/Section41.lean:1131:0: 'Zeta5.prop_4_1_of_entry_bounds' depends on axioms: [propext, Classical.choice, Quot.sound]
info: Zeta5/Section41.lean:1132:0: 'Zeta5.exists_innerAlloc_of_inner' depends on axioms: [propext, Classical.choice, Quot.sound]
ℹ [8939/8957] Built Zeta5.Arithmetic (14s)
info: Zeta5/Arithmetic.lean:785:0: 'Zeta5.vS_eq' depends on axioms: [propext, Classical.choice, Quot.sound]
info: Zeta5/Arithmetic.lean:786:0: 'Zeta5.integer_binom_coeffs' depends on axioms: [propext, Classical.choice, Quot.sound]
info: Zeta5/Arithmetic.lean:787:0: 'Zeta5.exists_binom_expansion' depends on axioms: [propext, Classical.choice, Quot.sound]
info: Zeta5/Arithmetic.lean:788:0: 'Zeta5.neg_one_le_padicValRat_bernoulli' depends on axioms: [propext, Classical.choice, Quot.sound]
info: Zeta5/Arithmetic.lean:789:0: 'Zeta5.padicValRat_kappa_nonneg' depends on axioms: [propext, Classical.choice, Quot.sound]
info: Zeta5/Arithmetic.lean:790:0: 'Zeta5.neg_one_le_padicValRat_kappa' depends on axioms: [propext, Classical.choice, Quot.sound]
info: Zeta5/Arithmetic.lean:791:0: 'Zeta5.log_linear_le_quadratic' depends on axioms: [propext, Classical.choice, Quot.sound]
info: Zeta5/Arithmetic.lean:792:0: 'Zeta5.eq_7_1_of' depends on axioms: [propext, Classical.choice, Quot.sound]
info: Zeta5/Arithmetic.lean:793:0: 'Zeta5.theorem_2_1_of' depends on axioms: [propext, Classical.choice, Quot.sound]
info: Zeta5/Arithmetic.lean:794:0: 'Zeta5.zeta5_irrational_of' depends on axioms: [propext, Classical.choice, Quot.sound]
info: Zeta5/Arithmetic.lean:795:0: 'Zeta5.A200_add_Ubar_lt' depends on axioms: [propext, Classical.choice, Quot.sound]
info: Zeta5/Arithmetic.lean:796:0: 'Zeta5.AM_200_eq' depends on axioms: [propext, Classical.choice, Quot.sound]
info: Zeta5/Arithmetic.lean:797:0: 'Zeta5.Lp_small_eq' depends on axioms: [propext, Classical.choice, Quot.sound]
⚠ [8940/8957] Built Zeta5.AppendixB (37s)
warning: Zeta5/AppendixB.lean:211:38: `if_pos` has been deprecated: Use `ite_eq_left` instead
warning: Zeta5/AppendixB.lean:219:31: `if_pos` has been deprecated: Use `ite_eq_left` instead
warning: Zeta5/AppendixB.lean:226:31: `if_neg` has been deprecated: Use `ite_eq_right` instead
warning: Zeta5/AppendixB.lean:230:39: `if_neg` has been deprecated: Use `ite_eq_right` instead
warning: Zeta5/AppendixB.lean:230:50: `push_neg` has been deprecated. Prefer using `push Not` instead.
If you'd rather continue using `push_neg` in your project, you can implement it as follows:
```
open Lean.Parser.Tactic in
macro "push_neg" cfg:optConfig loc:(location)? : tactic =>
  `(tactic| push $cfg:optConfig Not $[$loc]?)
```
warning: Zeta5/AppendixB.lean:238:31: `if_pos` has been deprecated: Use `ite_eq_left` instead
warning: Zeta5/AppendixB.lean:245:31: `if_neg` has been deprecated: Use `ite_eq_right` instead
warning: Zeta5/AppendixB.lean:220:6: Unused tactic linter: `push_cast` does nothing

Note: This linter can be disabled with `set_option linter.unusedTactic false`
warning: Zeta5/AppendixB.lean:239:6: Unused tactic linter: `push_cast` does nothing

Note: This linter can be disabled with `set_option linter.unusedTactic false`
warning: Zeta5/AppendixB.lean:299:6: try 'simp' instead of 'simpa'

Note: This linter can be disabled with `set_option linter.unnecessarySimpa false`
warning: Zeta5/AppendixB.lean:302:6: try 'simp' instead of 'simpa'

Note: This linter can be disabled with `set_option linter.unnecessarySimpa false`
warning: Zeta5/AppendixB.lean:305:6: try 'simp' instead of 'simpa'

Note: This linter can be disabled with `set_option linter.unnecessarySimpa false`
warning: Zeta5/AppendixB.lean:321:29: `if_true` has been deprecated: Use `ite_true` instead
warning: Zeta5/AppendixB.lean:321:38: `if_false` has been deprecated: Use `ite_false` instead
warning: Zeta5/AppendixB.lean:321:29: `if_true` has been deprecated: Use `ite_true` instead
warning: Zeta5/AppendixB.lean:321:38: `if_false` has been deprecated: Use `ite_false` instead
warning: Zeta5/AppendixB.lean:321:29: `if_true` has been deprecated: Use `ite_true` instead
warning: Zeta5/AppendixB.lean:321:38: `if_false` has been deprecated: Use `ite_false` instead
warning: Zeta5/AppendixB.lean:321:29: `if_true` has been deprecated: Use `ite_true` instead
warning: Zeta5/AppendixB.lean:321:38: `if_false` has been deprecated: Use `ite_false` instead
warning: Zeta5/AppendixB.lean:321:48: This simp argument is unused:
  ite_true

Hint: Omit it from the simp argument list.
  [apply] simp only [hgz, hfz, if_true, if_false, ite_false, reduceIte]

Note: This linter can be disabled with `set_option linter.unusedSimpArgs false`
warning: Zeta5/AppendixB.lean:321:58: This simp argument is unused:
  ite_false

Hint: Omit it from the simp argument list.
  [apply] simp only [hgz, hfz, if_true, if_false, ite_true, reduceIte]

Note: This linter can be disabled with `set_option linter.unusedSimpArgs false`
warning: Zeta5/AppendixB.lean:321:69: This simp argument is unused:
  reduceIte

Hint: Omit it from the simp argument list.
  [apply] simp only [hgz, hfz, if_true, if_false, ite_true, ite_false]

Note: This linter can be disabled with `set_option linter.unusedSimpArgs false`
warning: Zeta5/AppendixB.lean:359:17: `if_pos` has been deprecated: Use `ite_eq_left` instead
warning: Zeta5/AppendixB.lean:367:17: `if_neg` has been deprecated: Use `ite_eq_right` instead
warning: Zeta5/AppendixB.lean:367:28: `push_neg` has been deprecated. Prefer using `push Not` instead.
If you'd rather continue using `push_neg` in your project, you can implement it as follows:
```
open Lean.Parser.Tactic in
macro "push_neg" cfg:optConfig loc:(location)? : tactic =>
  `(tactic| push $cfg:optConfig Not $[$loc]?)
```
warning: Zeta5/AppendixB.lean:444:46: `if_false` has been deprecated: Use `ite_false` instead
warning: Zeta5/AppendixB.lean:445:25: `if_true` has been deprecated: Use `ite_true` instead
warning: Zeta5/AppendixB.lean:455:37: `if_false` has been deprecated: Use `ite_false` instead
warning: Zeta5/AppendixB.lean:458:17: `if_true` has been deprecated: Use `ite_true` instead
warning: Zeta5/AppendixB.lean:467:37: `if_true` has been deprecated: Use `ite_true` instead
warning: Zeta5/AppendixB.lean:467:46: `if_false` has been deprecated: Use `ite_false` instead
warning: Zeta5/AppendixB.lean:467:37: `if_true` has been deprecated: Use `ite_true` instead
warning: Zeta5/AppendixB.lean:467:46: `if_false` has been deprecated: Use `ite_false` instead
warning: Zeta5/AppendixB.lean:467:37: `if_true` has been deprecated: Use `ite_true` instead
warning: Zeta5/AppendixB.lean:467:46: `if_false` has been deprecated: Use `ite_false` instead
warning: Zeta5/AppendixB.lean:467:37: `if_true` has been deprecated: Use `ite_true` instead
warning: Zeta5/AppendixB.lean:467:46: `if_false` has been deprecated: Use `ite_false` instead
warning: Zeta5/AppendixB.lean:467:37: `if_true` has been deprecated: Use `ite_true` instead
warning: Zeta5/AppendixB.lean:467:46: `if_false` has been deprecated: Use `ite_false` instead
warning: Zeta5/AppendixB.lean:467:37: `if_true` has been deprecated: Use `ite_true` instead
warning: Zeta5/AppendixB.lean:467:46: `if_false` has been deprecated: Use `ite_false` instead
warning: Zeta5/AppendixB.lean:467:37: `if_true` has been deprecated: Use `ite_true` instead
warning: Zeta5/AppendixB.lean:467:46: `if_false` has been deprecated: Use `ite_false` instead
warning: Zeta5/AppendixB.lean:467:37: `if_true` has been deprecated: Use `ite_true` instead
warning: Zeta5/AppendixB.lean:467:46: `if_false` has been deprecated: Use `ite_false` instead
warning: Zeta5/AppendixB.lean:467:37: `if_true` has been deprecated: Use `ite_true` instead
warning: Zeta5/AppendixB.lean:467:46: `if_false` has been deprecated: Use `ite_false` instead
warning: Zeta5/AppendixB.lean:467:37: `if_true` has been deprecated: Use `ite_true` instead
warning: Zeta5/AppendixB.lean:467:46: `if_false` has been deprecated: Use `ite_false` instead
warning: Zeta5/AppendixB.lean:467:37: `if_true` has been deprecated: Use `ite_true` instead
warning: Zeta5/AppendixB.lean:467:46: `if_false` has been deprecated: Use `ite_false` instead
warning: Zeta5/AppendixB.lean:467:37: `if_true` has been deprecated: Use `ite_true` instead
warning: Zeta5/AppendixB.lean:467:46: `if_false` has been deprecated: Use `ite_false` instead
warning: Zeta5/AppendixB.lean:467:37: `if_true` has been deprecated: Use `ite_true` instead
warning: Zeta5/AppendixB.lean:467:46: `if_false` has been deprecated: Use `ite_false` instead
warning: Zeta5/AppendixB.lean:467:37: `if_true` has been deprecated: Use `ite_true` instead
warning: Zeta5/AppendixB.lean:467:46: `if_false` has been deprecated: Use `ite_false` instead
warning: Zeta5/AppendixB.lean:467:37: `if_true` has been deprecated: Use `ite_true` instead
warning: Zeta5/AppendixB.lean:467:46: `if_false` has been deprecated: Use `ite_false` instead
warning: Zeta5/AppendixB.lean:467:37: `if_true` has been deprecated: Use `ite_true` instead
warning: Zeta5/AppendixB.lean:467:46: `if_false` has been deprecated: Use `ite_false` instead
warning: Zeta5/AppendixB.lean:467:56: This simp argument is unused:
  reduceIte

Hint: Omit it from the simp argument list.
  [apply] simp only [Bool.false_eq_true, if_true, if_false]

Note: This linter can be disabled with `set_option linter.unusedSimpArgs false`
warning: Zeta5/AppendixB.lean:542:37: `if_false` has been deprecated: Use `ite_false` instead
warning: Zeta5/AppendixB.lean:546:17: `if_true` has been deprecated: Use `ite_true` instead
warning: Zeta5/AppendixB.lean:551:37: `if_false` has been deprecated: Use `ite_false` instead
warning: Zeta5/AppendixB.lean:557:17: `if_true` has been deprecated: Use `ite_true` instead
warning: Zeta5/AppendixB.lean:585:4: try 'simp' instead of 'simpa'

Note: This linter can be disabled with `set_option linter.unnecessarySimpa false`
warning: Zeta5/AppendixB.lean:2186:48: this tactic is never executed

Note: This linter can be disabled with `set_option linter.unreachableTactic false`
warning: Zeta5/AppendixB.lean:2186:48: Unused tactic linter: `linarith` does nothing

Note: This linter can be disabled with `set_option linter.unusedTactic false`
warning: Zeta5/AppendixB.lean:2354:4: try 'simp' instead of 'simpa'

Note: This linter can be disabled with `set_option linter.unnecessarySimpa false`
warning: Zeta5/AppendixB.lean:2387:35: `if_pos` has been deprecated: Use `ite_eq_left` instead
warning: Zeta5/AppendixB.lean:2409:35: `if_pos` has been deprecated: Use `ite_eq_left` instead
warning: Zeta5/AppendixB.lean:2431:35: `if_pos` has been deprecated: Use `ite_eq_left` instead
warning: Zeta5/AppendixB.lean:2453:35: `if_pos` has been deprecated: Use `ite_eq_left` instead
warning: Zeta5/AppendixB.lean:2475:35: `if_pos` has been deprecated: Use `ite_eq_left` instead
warning: Zeta5/AppendixB.lean:2497:35: `if_neg` has been deprecated: Use `ite_eq_right` instead
warning: Zeta5/AppendixB.lean:2497:67: `push_neg` has been deprecated. Prefer using `push Not` instead.
If you'd rather continue using `push_neg` in your project, you can implement it as follows:
```
open Lean.Parser.Tactic in
macro "push_neg" cfg:optConfig loc:(location)? : tactic =>
  `(tactic| push $cfg:optConfig Not $[$loc]?)
```
warning: Zeta5/AppendixB.lean:2497:88: `if_pos` has been deprecated: Use `ite_eq_left` instead
warning: Zeta5/AppendixB.lean:2519:35: `if_neg` has been deprecated: Use `ite_eq_right` instead
warning: Zeta5/AppendixB.lean:2519:67: `push_neg` has been deprecated. Prefer using `push Not` instead.
If you'd rather continue using `push_neg` in your project, you can implement it as follows:
```
open Lean.Parser.Tactic in
macro "push_neg" cfg:optConfig loc:(location)? : tactic =>
  `(tactic| push $cfg:optConfig Not $[$loc]?)
```
warning: Zeta5/AppendixB.lean:2519:88: `if_pos` has been deprecated: Use `ite_eq_left` instead
warning: Zeta5/AppendixB.lean:2541:35: `if_neg` has been deprecated: Use `ite_eq_right` instead
warning: Zeta5/AppendixB.lean:2541:67: `push_neg` has been deprecated. Prefer using `push Not` instead.
If you'd rather continue using `push_neg` in your project, you can implement it as follows:
```
open Lean.Parser.Tactic in
macro "push_neg" cfg:optConfig loc:(location)? : tactic =>
  `(tactic| push $cfg:optConfig Not $[$loc]?)
```
warning: Zeta5/AppendixB.lean:2541:88: `if_pos` has been deprecated: Use `ite_eq_left` instead
warning: Zeta5/AppendixB.lean:2563:35: `if_neg` has been deprecated: Use `ite_eq_right` instead
warning: Zeta5/AppendixB.lean:2563:67: `push_neg` has been deprecated. Prefer using `push Not` instead.
If you'd rather continue using `push_neg` in your project, you can implement it as follows:
```
open Lean.Parser.Tactic in
macro "push_neg" cfg:optConfig loc:(location)? : tactic =>
  `(tactic| push $cfg:optConfig Not $[$loc]?)
```
warning: Zeta5/AppendixB.lean:2563:88: `if_pos` has been deprecated: Use `ite_eq_left` instead
warning: Zeta5/AppendixB.lean:2585:35: `if_neg` has been deprecated: Use `ite_eq_right` instead
warning: Zeta5/AppendixB.lean:2585:67: `push_neg` has been deprecated. Prefer using `push Not` instead.
If you'd rather continue using `push_neg` in your project, you can implement it as follows:
```
open Lean.Parser.Tactic in
macro "push_neg" cfg:optConfig loc:(location)? : tactic =>
  `(tactic| push $cfg:optConfig Not $[$loc]?)
```
warning: Zeta5/AppendixB.lean:2585:88: `if_pos` has been deprecated: Use `ite_eq_left` instead
warning: Zeta5/AppendixB.lean:2586:13: This simp argument is unused:
  alpha

Hint: Omit it from the simp argument list.
  [apply] simp only [lam]

Note: This linter can be disabled with `set_option linter.unusedSimpArgs false`
warning: Zeta5/AppendixB.lean:2604:35: `if_neg` has been deprecated: Use `ite_eq_right` instead
warning: Zeta5/AppendixB.lean:2604:67: `push_neg` has been deprecated. Prefer using `push Not` instead.
If you'd rather continue using `push_neg` in your project, you can implement it as follows:
```
open Lean.Parser.Tactic in
macro "push_neg" cfg:optConfig loc:(location)? : tactic =>
  `(tactic| push $cfg:optConfig Not $[$loc]?)
```
warning: Zeta5/AppendixB.lean:2604:88: `if_neg` has been deprecated: Use `ite_eq_right` instead
warning: Zeta5/AppendixB.lean:2604:118: `push_neg` has been deprecated. Prefer using `push Not` instead.
If you'd rather continue using `push_neg` in your project, you can implement it as follows:
```
open Lean.Parser.Tactic in
macro "push_neg" cfg:optConfig loc:(location)? : tactic =>
  `(tactic| push $cfg:optConfig Not $[$loc]?)
```
warning: Zeta5/AppendixB.lean:2605:13: This simp argument is unused:
  alpha

Hint: Omit it from the simp argument list.
  [apply] simp only [lam]

Note: This linter can be disabled with `set_option linter.unusedSimpArgs false`
⚠ [8941/8957] Built Zeta5.LocalFunctional (17s)
warning: Zeta5/LocalFunctional.lean:62:35: This simp argument is unused:
  Finset.sum_ite_eq' (range (k + 1)) k

Hint: Omit it from the simp argument list.
  [apply] simp [Polynomial.coeff_monomial]

Note: This linter can be disabled with `set_option linter.unusedSimpArgs false`
warning: Zeta5/LocalFunctional.lean:71:52: try 'simp' instead of 'simpa'

Note: This linter can be disabled with `set_option linter.unnecessarySimpa false`
warning: Zeta5/LocalFunctional.lean:132:8: `if_neg` has been deprecated: Use `ite_eq_right` instead
warning: Zeta5/LocalFunctional.lean:121:20: This simp argument is unused:
  derivative_monomial

Hint: Omit it from the simp argument list.
  [apply] simp [tau, kappa]

Note: This linter can be disabled with `set_option linter.unusedSimpArgs false`
warning: Zeta5/LocalFunctional.lean:122:20: This simp argument is unused:
  derivative_monomial

Hint: Omit it from the simp argument list.
  [apply] simp [tau, kappa]

Note: This linter can be disabled with `set_option linter.unusedSimpArgs false`
warning: Zeta5/LocalFunctional.lean:123:20: This simp argument is unused:
  derivative_monomial

Hint: Omit it from the simp argument list.
  [apply] simp [tau, kappa]

Note: This linter can be disabled with `set_option linter.unusedSimpArgs false`
warning: Zeta5/LocalFunctional.lean:134:18: this tactic is never executed

Note: This linter can be disabled with `set_option linter.unreachableTactic false`
warning: Zeta5/LocalFunctional.lean:134:18: Unused tactic linter: `omega` does nothing

Note: This linter can be disabled with `set_option linter.unusedTactic false`
warning: Zeta5/LocalFunctional.lean:165:6: try 'simp' instead of 'simpa'

Note: This linter can be disabled with `set_option linter.unnecessarySimpa false`
warning: Zeta5/LocalFunctional.lean:201:6: try 'simp' instead of 'simpa'

Note: This linter can be disabled with `set_option linter.unnecessarySimpa false`
warning: Zeta5/LocalFunctional.lean:224:10: `if_neg` has been deprecated: Use `ite_eq_right` instead
warning: Zeta5/LocalFunctional.lean:272:6: `if_neg` has been deprecated: Use `ite_eq_right` instead
warning: Zeta5/LocalFunctional.lean:309:13: `if_neg` has been deprecated: Use `ite_eq_right` instead
warning: Zeta5/LocalFunctional.lean:328:2: Unused tactic linter: `push_cast` does nothing

Note: This linter can be disabled with `set_option linter.unusedTactic false`
warning: Zeta5/LocalFunctional.lean:484:15: `Set.mem_setOf_eq` has been deprecated: Use `Set.mem_ofPred_eq` instead
warning: Zeta5/LocalFunctional.lean:485:10: `mul_le_one₀` has been deprecated: No replacement, use constituent lemmas from proof.
warning: Zeta5/LocalFunctional.lean:482:39: `Set.mem_setOf_eq` has been deprecated: Use `Set.mem_ofPred_eq` instead
warning: Zeta5/LocalFunctional.lean:741:27: This simp argument is unused:
  padicValNat.self hpf.out.one_lt

Hint: Omit it from the simp argument list.
  [apply] simp [padicValInt]

Note: This linter can be disabled with `set_option linter.unusedSimpArgs false`
ℹ [8942/8957] Built Zeta5.OuterBasis (18s)
info: Zeta5/OuterBasis.lean:1928:0: 'Zeta5.OuterBasis.outer_local_core' depends on axioms: [propext, Classical.choice, Quot.sound]
info: Zeta5/OuterBasis.lean:1929:0: 'Zeta5.OuterBasis.entry_bound' depends on axioms: [propext, Classical.choice, Quot.sound]
info: Zeta5/OuterBasis.lean:1930:0: 'Zeta5.OuterBasis.rank_Lq' depends on axioms: [propext, Classical.choice, Quot.sound]
info: Zeta5/OuterBasis.lean:1931:0: 'Zeta5.OuterBasis.muL_int' depends on axioms: [propext, Classical.choice, Quot.sound]
info: Zeta5/OuterBasis.lean:1932:0: 'Zeta5.OuterBasis.rowR_hermite' depends on axioms: [propext, Classical.choice, Quot.sound]
info: Zeta5/OuterBasis.lean:1933:0: 'Zeta5.OuterBasis.Gram_split' depends on axioms: [propext, Classical.choice, Quot.sound]
info: Zeta5/OuterBasis.lean:1934:0: 'Zeta5.OuterBasis.mu0_int' depends on axioms: [propext, Classical.choice, Quot.sound]
ℹ [8943/8957] Built Zeta5.Uniformity (26s)
info: Zeta5/Uniformity.lean:1393:0: 'Zeta5.Uniformity.eq_5_7_uniformity' depends on axioms: [propext, Classical.choice, Quot.sound]
info: Zeta5/Uniformity.lean:1394:0: 'Zeta5.Uniformity.gamma_inner_bound' depends on axioms: [propext, Classical.choice, Quot.sound]
info: Zeta5/Uniformity.lean:1395:0: 'Zeta5.Uniformity.vS_inner_bound' depends on axioms: [propext, Classical.choice, Quot.sound]
info: Zeta5/Uniformity.lean:1396:0: 'Zeta5.Uniformity.outer_bound' depends on axioms: [propext, Classical.choice, Quot.sound]
⚠ [8944/8957] Built Zeta5.InnerTate (15s)
warning: Zeta5/InnerTate.lean:83:0: automatically included section variable(s) unused in theorem `Zeta5.InnerEntries.vge_neg`:
  hpf
consider restructuring your `variable` declarations so that the variables are not in scope or explicitly omit them:
  omit hpf in theorem ...

Note: This linter can be disabled with `set_option linter.unusedSectionVars false`
warning: Zeta5/InnerTate.lean:95:0: automatically included section variable(s) unused in theorem `Zeta5.InnerEntries.vge_zero_iff`:
  hpf
consider restructuring your `variable` declarations so that the variables are not in scope or explicitly omit them:
  omit hpf in theorem ...

Note: This linter can be disabled with `set_option linter.unusedSectionVars false`
warning: Zeta5/InnerTate.lean:182:17: `if_neg` has been deprecated: Use `ite_eq_right` instead
warning: Zeta5/InnerTate.lean:212:15: `if_neg` has been deprecated: Use `ite_eq_right` instead
warning: Zeta5/InnerTate.lean:212:53: `if_neg` has been deprecated: Use `ite_eq_right` instead
warning: Zeta5/InnerTate.lean:284:4: `push_neg` has been deprecated. Prefer using `push Not` instead.
If you'd rather continue using `push_neg` in your project, you can implement it as follows:
```
open Lean.Parser.Tactic in
macro "push_neg" cfg:optConfig loc:(location)? : tactic =>
  `(tactic| push $cfg:optConfig Not $[$loc]?)
```
warning: Zeta5/InnerTate.lean:371:8: try 'simp' instead of 'simpa'

Note: This linter can be disabled with `set_option linter.unnecessarySimpa false`
warning: Zeta5/InnerTate.lean:389:15: `if_neg` has been deprecated: Use `ite_eq_right` instead
warning: Zeta5/InnerTate.lean:522:34: `if_neg` has been deprecated: Use `ite_eq_right` instead
warning: Zeta5/InnerTate.lean:525:41: `push_neg` has been deprecated. Prefer using `push Not` instead.
If you'd rather continue using `push_neg` in your project, you can implement it as follows:
```
open Lean.Parser.Tactic in
macro "push_neg" cfg:optConfig loc:(location)? : tactic =>
  `(tactic| push $cfg:optConfig Not $[$loc]?)
```
⚠ [8945/8957] Built Zeta5.OuterRange (16s)
warning: Zeta5/OuterRange.lean:589:10: `if_pos` has been deprecated: Use `ite_eq_left` instead
warning: Zeta5/OuterRange.lean:589:49: `if_pos` has been deprecated: Use `ite_eq_left` instead
warning: Zeta5/OuterRange.lean:590:10: `if_neg` has been deprecated: Use `ite_eq_right` instead
warning: Zeta5/OuterRange.lean:590:68: `if_neg` has been deprecated: Use `ite_eq_right` instead
warning: Zeta5/OuterRange.lean:885:10: `if_pos` has been deprecated: Use `ite_eq_left` instead
warning: Zeta5/OuterRange.lean:900:12: `if_pos` has been deprecated: Use `ite_eq_left` instead
warning: Zeta5/OuterRange.lean:901:12: `if_neg` has been deprecated: Use `ite_eq_right` instead
warning: Zeta5/OuterRange.lean:974:23: `if_neg` has been deprecated: Use `ite_eq_right` instead
warning: Zeta5/OuterRange.lean:1009:25: `if_neg` has been deprecated: Use `ite_eq_right` instead
warning: Zeta5/OuterRange.lean:1042:8: `if_pos` has been deprecated: Use `ite_eq_left` instead
warning: Zeta5/OuterRange.lean:1044:8: `if_neg` has been deprecated: Use `ite_eq_right` instead
warning: Zeta5/OuterRange.lean:1052:10: `if_pos` has been deprecated: Use `ite_eq_left` instead
warning: Zeta5/OuterRange.lean:1060:10: `if_neg` has been deprecated: Use `ite_eq_right` instead
warning: Zeta5/OuterRange.lean:1077:8: `if_pos` has been deprecated: Use `ite_eq_left` instead
warning: Zeta5/OuterRange.lean:1079:8: `if_neg` has been deprecated: Use `ite_eq_right` instead
warning: Zeta5/OuterRange.lean:1084:10: `if_pos` has been deprecated: Use `ite_eq_left` instead
warning: Zeta5/OuterRange.lean:1088:10: `if_neg` has been deprecated: Use `ite_eq_right` instead
warning: Zeta5/OuterRange.lean:1102:8: `if_pos` has been deprecated: Use `ite_eq_left` instead
warning: Zeta5/OuterRange.lean:1102:20: `if_pos` has been deprecated: Use `ite_eq_left` instead
warning: Zeta5/OuterRange.lean:1102:32: `if_pos` has been deprecated: Use `ite_eq_left` instead
warning: Zeta5/OuterRange.lean:1106:8: `if_neg` has been deprecated: Use `ite_eq_right` instead
warning: Zeta5/OuterRange.lean:1106:20: `if_neg` has been deprecated: Use `ite_eq_right` instead
warning: Zeta5/OuterRange.lean:1106:32: `if_neg` has been deprecated: Use `ite_eq_right` instead
warning: Zeta5/OuterRange.lean:1108:10: `if_pos` has been deprecated: Use `ite_eq_left` instead
warning: Zeta5/OuterRange.lean:1108:22: `if_pos` has been deprecated: Use `ite_eq_left` instead
warning: Zeta5/OuterRange.lean:1108:34: `if_pos` has been deprecated: Use `ite_eq_left` instead
warning: Zeta5/OuterRange.lean:1109:10: `if_neg` has been deprecated: Use `ite_eq_right` instead
warning: Zeta5/OuterRange.lean:1109:22: `if_neg` has been deprecated: Use `ite_eq_right` instead
warning: Zeta5/OuterRange.lean:1109:34: `if_neg` has been deprecated: Use `ite_eq_right` instead
warning: Zeta5/OuterRange.lean:1129:12: `if_pos` has been deprecated: Use `ite_eq_left` instead
warning: Zeta5/OuterRange.lean:1130:12: `if_neg` has been deprecated: Use `ite_eq_right` instead
warning: Zeta5/OuterRange.lean:1131:25: `if_neg` has been deprecated: Use `ite_eq_right` instead
warning: Zeta5/OuterRange.lean:1429:51: `if_pos` has been deprecated: Use `ite_eq_left` instead
info: Zeta5/OuterRange.lean:1564:0: 'Zeta5.lemma_4_2_of_vanishing' depends on axioms: [propext, Classical.choice, Quot.sound]
info: Zeta5/OuterRange.lean:1565:0: 'Zeta5.lemma_4_2_of_zeroCols' depends on axioms: [propext, Classical.choice, Quot.sound]
info: Zeta5/OuterRange.lean:1566:0: 'Zeta5.lemma_4_2_of_rank_map' depends on axioms: [propext, Classical.choice, Quot.sound]
info: Zeta5/OuterRange.lean:1567:0: 'Zeta5.lemma_4_2_gauss_zeroCols' depends on axioms: [propext, Classical.choice, Quot.sound]
info: Zeta5/OuterRange.lean:1568:0: 'Zeta5.zeroCols_of_lowDegree' depends on axioms: [propext, Classical.choice, Quot.sound]
info: Zeta5/OuterRange.lean:1569:0: 'Zeta5.card_compl_lt_filter' depends on axioms: [propext, Classical.choice, Quot.sound]
info: Zeta5/OuterRange.lean:1570:0: 'Zeta5.table_removed' depends on axioms: [propext, Classical.choice, Quot.sound]
info: Zeta5/OuterRange.lean:1571:0: 'Zeta5.table_unremoved' depends on axioms: [propext, Classical.choice, Quot.sound]
info: Zeta5/OuterRange.lean:1572:0: 'Zeta5.sum_outerWeight_eq' depends on axioms: [propext, Classical.choice, Quot.sound]
info: Zeta5/OuterRange.lean:1573:0: 'Zeta5.outerZeroCount_eq' depends on axioms: [propext, Classical.choice, Quot.sound]
info: Zeta5/OuterRange.lean:1574:0: 'Zeta5.gammaOut_eq' depends on axioms: [propext, Classical.choice, Quot.sound]
info: Zeta5/OuterRange.lean:1575:0: 'Zeta5.outerRows_card' depends on axioms: [propext, Classical.choice, Quot.sound]
info: Zeta5/OuterRange.lean:1576:0: 'Zeta5.prop_4_3_of_local_data' depends on axioms: [propext, Classical.choice, Quot.sound]
info: Zeta5/OuterRange.lean:1577:0: 'Zeta5.outer_local_analysis' depends on axioms: [propext, Classical.choice, Quot.sound]
info: Zeta5/OuterRange.lean:1578:0: 'Zeta5.Outer.prop_4_3' depends on axioms: [propext, Classical.choice, Quot.sound]
info: Zeta5/OuterRange.lean:1579:0: 'Zeta5.Outer.prop_4_3_large' depends on axioms: [propext, Classical.choice, Quot.sound]
ℹ [8946/8957] Built Zeta5.Lemma33 (17s)
info: Zeta5/Lemma33.lean:1146:0: 'Zeta5.Lemma33.pullback' depends on axioms: [propext, Classical.choice, Quot.sound]
info: Zeta5/Lemma33.lean:1147:0: 'Zeta5.Lemma33.lemma_3_3_strong' depends on axioms: [propext, Classical.choice, Quot.sound]
info: Zeta5/Lemma33.lean:1148:0: 'Zeta5.Lemma33.lemma_3_3' depends on axioms: [propext, Classical.choice, Quot.sound]
info: Zeta5/Lemma33.lean:1149:0: 'Zeta5.Lemma33.entry_pullback' depends on axioms: [propext, Classical.choice, Quot.sound]
info: Zeta5/Lemma33.lean:1150:0: 'Zeta5.Lemma33.entry_bound' depends on axioms: [propext, Classical.choice, Quot.sound]
⚠ [8947/8957] Built Zeta5.InnerGeneral (15s)
warning: Zeta5/InnerGeneral.lean:126:4: `push_neg` has been deprecated. Prefer using `push Not` instead.
If you'd rather continue using `push_neg` in your project, you can implement it as follows:
```
open Lean.Parser.Tactic in
macro "push_neg" cfg:optConfig loc:(location)? : tactic =>
  `(tactic| push $cfg:optConfig Not $[$loc]?)
```
warning: Zeta5/InnerGeneral.lean:143:4: `push_neg` has been deprecated. Prefer using `push Not` instead.
If you'd rather continue using `push_neg` in your project, you can implement it as follows:
```
open Lean.Parser.Tactic in
macro "push_neg" cfg:optConfig loc:(location)? : tactic =>
  `(tactic| push $cfg:optConfig Not $[$loc]?)
```
warning: Zeta5/InnerGeneral.lean:279:0: automatically included section variable(s) unused in theorem `Zeta5.InnerEntries.comp_X_sub_C_phi`:
  hpf
consider restructuring your `variable` declarations so that the variables are not in scope or explicitly omit them:
  omit hpf in theorem ...

Note: This linter can be disabled with `set_option linter.unusedSectionVars false`
warning: Zeta5/InnerGeneral.lean:284:37: Variable name `ha` is not explicitly referenced.

Hint: The binding can be removed (if unused) or named `_` (if used implicitly). Alternatively, prefix the name with `_` to silence this warning:
  [apply] _ha

Note: This linter can be disabled with `set_option linter.unusedVariables false`
warning: Zeta5/InnerGeneral.lean:295:0: automatically included section variable(s) unused in theorem `Zeta5.InnerEntries.Tn_monic`:
  hpf
consider restructuring your `variable` declarations so that the variables are not in scope or explicitly omit them:
  omit hpf in theorem ...

Note: This linter can be disabled with `set_option linter.unusedSectionVars false`
warning: Zeta5/InnerGeneral.lean:298:0: automatically included section variable(s) unused in theorem `Zeta5.InnerEntries.Tn_natDegree`:
  hpf
consider restructuring your `variable` declarations so that the variables are not in scope or explicitly omit them:
  omit hpf in theorem ...

Note: This linter can be disabled with `set_option linter.unusedSectionVars false`
warning: Zeta5/InnerGeneral.lean:318:0: automatically included section variable(s) unused in theorem `Zeta5.InnerEntries.emod_eq_of_dvd_sub`:
  hpf
consider restructuring your `variable` declarations so that the variables are not in scope or explicitly omit them:
  omit hpf in theorem ...

Note: This linter can be disabled with `set_option linter.unusedSectionVars false`
warning: Zeta5/InnerGeneral.lean:488:17: `if_neg` has been deprecated: Use `ite_eq_right` instead
⚠ [8948/8957] Built Zeta5.PrimeSum (22s)
warning: Zeta5/PrimeSum.lean:312:10: `if_pos` has been deprecated: Use `ite_eq_left` instead
warning: Zeta5/PrimeSum.lean:354:12: `if_pos` has been deprecated: Use `ite_eq_left` instead
warning: Zeta5/PrimeSum.lean:357:12: `if_neg` has been deprecated: Use `ite_eq_right` instead
warning: Zeta5/PrimeSum.lean:658:2: `push_neg` has been deprecated. Prefer using `push Not` instead.
If you'd rather continue using `push_neg` in your project, you can implement it as follows:
```
open Lean.Parser.Tactic in
macro "push_neg" cfg:optConfig loc:(location)? : tactic =>
  `(tactic| push $cfg:optConfig Not $[$loc]?)
```
warning: Zeta5/PrimeSum.lean:662:2: `push_neg` has been deprecated. Prefer using `push Not` instead.
If you'd rather continue using `push_neg` in your project, you can implement it as follows:
```
open Lean.Parser.Tactic in
macro "push_neg" cfg:optConfig loc:(location)? : tactic =>
  `(tactic| push $cfg:optConfig Not $[$loc]?)
```
warning: Zeta5/PrimeSum.lean:666:2: `push_neg` has been deprecated. Prefer using `push Not` instead.
If you'd rather continue using `push_neg` in your project, you can implement it as follows:
```
open Lean.Parser.Tactic in
macro "push_neg" cfg:optConfig loc:(location)? : tactic =>
  `(tactic| push $cfg:optConfig Not $[$loc]?)
```
warning: Zeta5/PrimeSum.lean:670:2: `push_neg` has been deprecated. Prefer using `push Not` instead.
If you'd rather continue using `push_neg` in your project, you can implement it as follows:
```
open Lean.Parser.Tactic in
macro "push_neg" cfg:optConfig loc:(location)? : tactic =>
  `(tactic| push $cfg:optConfig Not $[$loc]?)
```
warning: Zeta5/PrimeSum.lean:674:2: `push_neg` has been deprecated. Prefer using `push Not` instead.
If you'd rather continue using `push_neg` in your project, you can implement it as follows:
```
open Lean.Parser.Tactic in
macro "push_neg" cfg:optConfig loc:(location)? : tactic =>
  `(tactic| push $cfg:optConfig Not $[$loc]?)
```
warning: Zeta5/PrimeSum.lean:678:2: `push_neg` has been deprecated. Prefer using `push Not` instead.
If you'd rather continue using `push_neg` in your project, you can implement it as follows:
```
open Lean.Parser.Tactic in
macro "push_neg" cfg:optConfig loc:(location)? : tactic =>
  `(tactic| push $cfg:optConfig Not $[$loc]?)
```
warning: Zeta5/PrimeSum.lean:682:2: `push_neg` has been deprecated. Prefer using `push Not` instead.
If you'd rather continue using `push_neg` in your project, you can implement it as follows:
```
open Lean.Parser.Tactic in
macro "push_neg" cfg:optConfig loc:(location)? : tactic =>
  `(tactic| push $cfg:optConfig Not $[$loc]?)
```
warning: Zeta5/PrimeSum.lean:686:2: `push_neg` has been deprecated. Prefer using `push Not` instead.
If you'd rather continue using `push_neg` in your project, you can implement it as follows:
```
open Lean.Parser.Tactic in
macro "push_neg" cfg:optConfig loc:(location)? : tactic =>
  `(tactic| push $cfg:optConfig Not $[$loc]?)
```
warning: Zeta5/PrimeSum.lean:690:2: `push_neg` has been deprecated. Prefer using `push Not` instead.
If you'd rather continue using `push_neg` in your project, you can implement it as follows:
```
open Lean.Parser.Tactic in
macro "push_neg" cfg:optConfig loc:(location)? : tactic =>
  `(tactic| push $cfg:optConfig Not $[$loc]?)
```
warning: Zeta5/PrimeSum.lean:694:2: `push_neg` has been deprecated. Prefer using `push Not` instead.
If you'd rather continue using `push_neg` in your project, you can implement it as follows:
```
open Lean.Parser.Tactic in
macro "push_neg" cfg:optConfig loc:(location)? : tactic =>
  `(tactic| push $cfg:optConfig Not $[$loc]?)
```
warning: Zeta5/PrimeSum.lean:801:22: `if_pos` has been deprecated: Use `ite_eq_left` instead
warning: Zeta5/PrimeSum.lean:805:22: `if_neg` has been deprecated: Use `ite_eq_right` instead
warning: Zeta5/PrimeSum.lean:1317:12: `if_neg` has been deprecated: Use `ite_eq_right` instead
warning: Zeta5/PrimeSum.lean:1317:31: `dif_pos` has been deprecated: Use `dite_eq_left` instead
warning: Zeta5/PrimeSum.lean:1298:49: Variable name `hC0` is not explicitly referenced.

Hint: The binding can be removed (if unused) or named `_` (if used implicitly). Alternatively, prefix the name with `_` to silence this warning:
  [apply] _hC0

Note: This linter can be disabled with `set_option linter.unusedVariables false`
warning: Zeta5/PrimeSum.lean:1358:12: `if_neg` has been deprecated: Use `ite_eq_right` instead
warning: Zeta5/PrimeSum.lean:1358:27: `dif_neg` has been deprecated: Use `dite_eq_right` instead
warning: Zeta5/PrimeSum.lean:1341:49: Variable name `hC0` is not explicitly referenced.

Hint: The binding can be removed (if unused) or named `_` (if used implicitly). Alternatively, prefix the name with `_` to silence this warning:
  [apply] _hC0

Note: This linter can be disabled with `set_option linter.unusedVariables false`
warning: Zeta5/PrimeSum.lean:1364:4: Unused tactic linter: `push_cast at h1` does nothing

Note: This linter can be disabled with `set_option linter.unusedTactic false`
⚠ [8949/8957] Built Zeta5.InnerEntries (15s)
warning: Zeta5/InnerEntries.lean:287:0: automatically included section variable(s) unused in theorem `Zeta5.InnerEntries.emod_eq_iff_dvd`:
  hpf
consider restructuring your `variable` declarations so that the variables are not in scope or explicitly omit them:
  omit hpf in theorem ...

Note: This linter can be disabled with `set_option linter.unusedSectionVars false`
warning: Zeta5/InnerEntries.lean:296:8: `if_pos` has been deprecated: Use `ite_eq_left` instead
warning: Zeta5/InnerEntries.lean:296:18: `if_pos` has been deprecated: Use `ite_eq_left` instead
warning: Zeta5/InnerEntries.lean:297:8: `if_neg` has been deprecated: Use `ite_eq_right` instead
warning: Zeta5/InnerEntries.lean:297:18: `if_neg` has been deprecated: Use `ite_eq_right` instead
warning: Zeta5/InnerEntries.lean:299:0: automatically included section variable(s) unused in theorem `Zeta5.InnerEntries.CF_congr`:
  hpf
consider restructuring your `variable` declarations so that the variables are not in scope or explicitly omit them:
  omit hpf in theorem ...

Note: This linter can be disabled with `set_option linter.unusedSectionVars false`
warning: Zeta5/InnerEntries.lean:303:0: automatically included section variable(s) unused in theorem `Zeta5.InnerEntries.CF_mono`:
  hpf
consider restructuring your `variable` declarations so that the variables are not in scope or explicitly omit them:
  omit hpf in theorem ...

Note: This linter can be disabled with `set_option linter.unusedSectionVars false`
warning: Zeta5/InnerEntries.lean:404:23: `if_neg` has been deprecated: Use `ite_eq_right` instead
warning: Zeta5/InnerEntries.lean:405:23: `if_pos` has been deprecated: Use `ite_eq_left` instead
warning: Zeta5/InnerEntries.lean:398:0: automatically included section variable(s) unused in theorem `Zeta5.InnerEntries.rowPoly_eq_prod`:
  hpf
consider restructuring your `variable` declarations so that the variables are not in scope or explicitly omit them:
  omit hpf in theorem ...

Note: This linter can be disabled with `set_option linter.unusedSectionVars false`
warning: Zeta5/InnerEntries.lean:497:10: `if_pos` has been deprecated: Use `ite_eq_left` instead
warning: Zeta5/InnerEntries.lean:497:28: `if_pos` has been deprecated: Use `ite_eq_left` instead
warning: Zeta5/InnerEntries.lean:497:46: `if_pos` has been deprecated: Use `ite_eq_left` instead
warning: Zeta5/InnerEntries.lean:498:10: `if_neg` has been deprecated: Use `ite_eq_right` instead
warning: Zeta5/InnerEntries.lean:498:41: `if_neg` has been deprecated: Use `ite_eq_right` instead
warning: Zeta5/InnerEntries.lean:498:72: `if_neg` has been deprecated: Use `ite_eq_right` instead
warning: Zeta5/InnerEntries.lean:533:8: `if_pos` has been deprecated: Use `ite_eq_left` instead
warning: Zeta5/InnerEntries.lean:533:19: `if_neg` has been deprecated: Use `ite_eq_right` instead
warning: Zeta5/InnerEntries.lean:533:30: `if_pos` has been deprecated: Use `ite_eq_left` instead
warning: Zeta5/InnerEntries.lean:535:10: `if_neg` has been deprecated: Use `ite_eq_right` instead
warning: Zeta5/InnerEntries.lean:535:21: `if_pos` has been deprecated: Use `ite_eq_left` instead
warning: Zeta5/InnerEntries.lean:535:32: `if_pos` has been deprecated: Use `ite_eq_left` instead
warning: Zeta5/InnerEntries.lean:536:10: `if_neg` has been deprecated: Use `ite_eq_right` instead
warning: Zeta5/InnerEntries.lean:536:21: `if_neg` has been deprecated: Use `ite_eq_right` instead
warning: Zeta5/InnerEntries.lean:536:32: `if_neg` has been deprecated: Use `ite_eq_right` instead
warning: Zeta5/InnerEntries.lean:556:30: this tactic is never executed

Note: This linter can be disabled with `set_option linter.unreachableTactic false`
warning: Zeta5/InnerEntries.lean:556:30: Unused tactic linter: `omega` does nothing

Note: This linter can be disabled with `set_option linter.unusedTactic false`
warning: Zeta5/InnerEntries.lean:568:6: `if_neg` has been deprecated: Use `ite_eq_right` instead
warning: Zeta5/InnerEntries.lean:570:8: `if_pos` has been deprecated: Use `ite_eq_left` instead
warning: Zeta5/InnerEntries.lean:570:36: `if_pos` has been deprecated: Use `ite_eq_left` instead
warning: Zeta5/InnerEntries.lean:571:8: `if_neg` has been deprecated: Use `ite_eq_right` instead
warning: Zeta5/InnerEntries.lean:571:16: `if_neg` has been deprecated: Use `ite_eq_right` instead
warning: Zeta5/InnerEntries.lean:592:8: `if_neg` has been deprecated: Use `ite_eq_right` instead
warning: Zeta5/InnerEntries.lean:592:19: `if_neg` has been deprecated: Use `ite_eq_right` instead
warning: Zeta5/InnerEntries.lean:592:30: `if_neg` has been deprecated: Use `ite_eq_right` instead
warning: Zeta5/InnerEntries.lean:597:37: `if_pos` has been deprecated: Use `ite_eq_left` instead
warning: Zeta5/InnerEntries.lean:599:80: `if_neg` has been deprecated: Use `ite_eq_right` instead
warning: Zeta5/InnerEntries.lean:606:42: `if_pos` has been deprecated: Use `ite_eq_left` instead
warning: Zeta5/InnerEntries.lean:608:73: `if_neg` has been deprecated: Use `ite_eq_right` instead
warning: Zeta5/InnerEntries.lean:611:0: automatically included section variable(s) unused in theorem `Zeta5.InnerEntries.indic_zero_self`:
  hpf
consider restructuring your `variable` declarations so that the variables are not in scope or explicitly omit them:
  omit hpf in theorem ...

Note: This linter can be disabled with `set_option linter.unusedSectionVars false`
warning: Zeta5/InnerEntries.lean:615:6: `if_neg` has been deprecated: Use `ite_eq_right` instead
warning: Zeta5/InnerEntries.lean:613:0: automatically included section variable(s) unused in theorem `Zeta5.InnerEntries.indic_zero_of_pos`:
  hpf
consider restructuring your `variable` declarations so that the variables are not in scope or explicitly omit them:
  omit hpf in theorem ...

Note: This linter can be disabled with `set_option linter.unusedSectionVars false`
warning: Zeta5/InnerEntries.lean:620:0: automatically included section variable(s) unused in theorem `Zeta5.InnerEntries.card_poleSet_filter`:
  hpf
consider restructuring your `variable` declarations so that the variables are not in scope or explicitly omit them:
  omit hpf in theorem ...

Note: This linter can be disabled with `set_option linter.unusedSectionVars false`
warning: Zeta5/InnerEntries.lean:703:8: `if_neg` has been deprecated: Use `ite_eq_right` instead
warning: Zeta5/InnerEntries.lean:712:8: `if_pos` has been deprecated: Use `ite_eq_left` instead
warning: Zeta5/InnerEntries.lean:765:0: automatically included section variable(s) unused in theorem `Zeta5.InnerEntries.K_lt_sq`:
  hpf
consider restructuring your `variable` declarations so that the variables are not in scope or explicitly omit them:
  omit hpf in theorem ...

Note: This linter can be disabled with `set_option linter.unusedSectionVars false`
warning: Zeta5/InnerEntries.lean:809:2: Try this: 
  haveI̵

The goal is a proposition, so `have` is preferred over `haveI`.
The difference between `have` and `haveI` is that `haveI` inlines the value.
But this is not relevant for proofs because of proof irrelevance.

Note: This linter can be disabled with `set_option linter.style.haveILetI false`
warning: Zeta5/InnerEntries.lean:846:8: `if_pos` has been deprecated: Use `ite_eq_left` instead
warning: Zeta5/InnerEntries.lean:850:10: `if_pos` has been deprecated: Use `ite_eq_left` instead
warning: Zeta5/InnerEntries.lean:854:10: `if_neg` has been deprecated: Use `ite_eq_right` instead
warning: Zeta5/InnerEntries.lean:863:8: `if_neg` has been deprecated: Use `ite_eq_right` instead
warning: Zeta5/InnerEntries.lean:873:10: `if_pos` has been deprecated: Use `ite_eq_left` instead
warning: Zeta5/InnerEntries.lean:888:10: `if_neg` has been deprecated: Use `ite_eq_right` instead
warning: Zeta5/InnerEntries.lean:856:34: This simp argument is unused:
  Ne.symm hc0

Hint: Omit it from the simp argument list.
  [apply] simp [InnerAlloc.nu, ha0, hc0]

Note: This linter can be disabled with `set_option linter.unusedSimpArgs false`
warning: Zeta5/InnerEntries.lean:991:2: Try this: 
  haveI̵

The goal is a proposition, so `have` is preferred over `haveI`.
The difference between `have` and `haveI` is that `haveI` inlines the value.
But this is not relevant for proofs because of proof irrelevance.

Note: This linter can be disabled with `set_option linter.style.haveILetI false`
warning: Zeta5/InnerEntries.lean:1041:2: Try this: 
  haveI̵

The goal is a proposition, so `have` is preferred over `haveI`.
The difference between `have` and `haveI` is that `haveI` inlines the value.
But this is not relevant for proofs because of proof irrelevance.

Note: This linter can be disabled with `set_option linter.style.haveILetI false`
info: Zeta5/InnerEntries.lean:1046:0: 'Zeta5.InnerEntries.raabe_tau' depends on axioms: [propext, Classical.choice, Quot.sound]
info: Zeta5/InnerEntries.lean:1047:0: 'Zeta5.InnerEntries.class_bound' depends on axioms: [propext, Classical.choice, Quot.sound]
info: Zeta5/InnerEntries.lean:1048:0: 'Zeta5.InnerEntries.general_bound' depends on axioms: [propext, Classical.choice, Quot.sound]
info: Zeta5/InnerEntries.lean:1049:0: 'Zeta5.InnerEntries.pullback' depends on axioms: [propext, Classical.choice, Quot.sound]
info: Zeta5/InnerEntries.lean:1050:0: 'Zeta5.InnerEntries.gram_entry_bound' depends on axioms: [propext, Classical.choice, Quot.sound]
info: Zeta5/InnerEntries.lean:1051:0: 'Zeta5.InnerEntries.entry_weights' depends on axioms: [propext, Classical.choice, Quot.sound]
info: Zeta5/InnerEntries.lean:1052:0: 'Zeta5.InnerEntries.entry_bounds' depends on axioms: [propext, Classical.choice, Quot.sound]
ℹ [8950/8957] Built Zeta5.Section3 (13s)
info: Zeta5/Section3.lean:412:0: 'Zeta5.eq_3_2' depends on axioms: [propext, Classical.choice, Quot.sound]
info: Zeta5/Section3.lean:413:0: 'Zeta5.eq_3_3' depends on axioms: [propext, Classical.choice, Quot.sound]
info: Zeta5/Section3.lean:414:0: 'Zeta5.eq_3_1_mono' depends on axioms: [propext, Classical.choice, Quot.sound]
info: Zeta5/Section3.lean:415:0: 'Zeta5.eq_3_1_pole' depends on axioms: [propext, Classical.choice, Quot.sound]
info: Zeta5/Section3.lean:416:0: 'Zeta5.eq_3_1_partialFraction' depends on axioms: [propext, Classical.choice, Quot.sound]
info: Zeta5/Section3.lean:417:0: 'Zeta5.lemma_3_1' depends on axioms: [propext, Classical.choice, Quot.sound]
info: Zeta5/Section3.lean:418:0: 'Zeta5.resid_eq_eval' depends on axioms: [propext, Classical.choice, Quot.sound]
info: Zeta5/Section3.lean:419:0: 'Zeta5.Section3.lemma_3_1_hyps_of_near' depends on axioms: [propext, Classical.choice, Quot.sound]
info: Zeta5/Section3.lean:420:0: 'Zeta5.Section3.ordinary_degree_le_p_add_one' depends on axioms: [propext, Classical.choice, Quot.sound]
info: Zeta5/Section3.lean:421:0: 'Zeta5.Section3.zero_degree_le_p_add_one' depends on axioms: [propext, Classical.choice, Quot.sound]
info: Zeta5/Section3.lean:422:0: 'Zeta5.Section3.sq_ne_sq_mod' depends on axioms: [propext, Classical.choice, Quot.sound]
info: Zeta5/Section3.lean:423:0: 'Zeta5.Section3.rowPoly_natDegree_lt' depends on axioms: [propext, Classical.choice, Quot.sound]
info: Zeta5/Section3.lean:424:0: 'Zeta5.Section3.eq_4_2_of_lemma_3_1' depends on axioms: [propext, Classical.choice, Quot.sound]
info: Zeta5/Section3.lean:425:0: 'Zeta5.Section3.eq_4_3_of_lemma_3_1' depends on axioms: [propext, Classical.choice, Quot.sound]
info: Zeta5/Section3.lean:426:0: 'Zeta5.Section3.entry_bounds_4_2_4_3' depends on axioms: [propext, Classical.choice, Quot.sound]
info: Zeta5/Section3.lean:427:0: 'Zeta5.Section3.prop_4_1' depends on axioms: [propext, Classical.choice, Quot.sound]
⚠ [8951/8957] Built Zeta5.CrudeBound (14s)
warning: Zeta5/CrudeBound.lean:241:12: `if_neg` has been deprecated: Use `ite_eq_right` instead
warning: Zeta5/CrudeBound.lean:431:19: `if_neg` has been deprecated: Use `ite_eq_right` instead
warning: Zeta5/CrudeBound.lean:617:4: This simp argument is unused:
  Polynomial.neg_comp

Hint: Omit it from the simp argument list.
  [apply] simp only [Polynomial.mul_comp, Polynomial.C_comp, Polynomial.X_comp, Polynomial.add_comp,
    Polynomial.pow_comp, Polynomial.eval_mul, Polynomial.eval_add, Polynomial.eval_C, Polynomial.eval_neg,
    Polynomial.eval_pow, Polynomial.eval_X]

Note: This linter can be disabled with `set_option linter.unusedSimpArgs false`
warning: Zeta5/CrudeBound.lean:617:25: This simp argument is unused:
  Polynomial.pow_comp

Hint: Omit it from the simp argument list.
  [apply] simp only [Polynomial.mul_comp, Polynomial.C_comp, Polynomial.X_comp, Polynomial.add_comp,
    Polynomial.neg_comp, Polynomial.eval_mul, Polynomial.eval_add, Polynomial.eval_C, Polynomial.eval_neg,
    Polynomial.eval_pow, Polynomial.eval_X]

Note: This linter can be disabled with `set_option linter.unusedSimpArgs false`
info: Zeta5/CrudeBound.lean:653:0: 'Zeta5.CrudeBound.eq_3_11' depends on axioms: [propext, Classical.choice, Quot.sound]
info: Zeta5/CrudeBound.lean:654:0: 'Zeta5.CrudeBound.S_eq_change_of_basis' depends on axioms: [propext, Classical.choice, Quot.sound]
info: Zeta5/CrudeBound.lean:655:0: 'Zeta5.CrudeBound.qb_pullback_int' depends on axioms: [propext, Classical.choice, Quot.sound]
info: Zeta5/CrudeBound.lean:656:0: 'Zeta5.CrudeBound.D_pullback_int' depends on axioms: [propext, Classical.choice, Quot.sound]
info: Zeta5/CrudeBound.lean:657:0: 'Zeta5.CrudeBound.fb_pullback_int' depends on axioms: [propext, Classical.choice, Quot.sound]
info: Zeta5/CrudeBound.lean:658:0: 'Zeta5.CrudeBound.pullNum_int' depends on axioms: [propext, Classical.choice, Quot.sound]
info: Zeta5/CrudeBound.lean:659:0: 'Zeta5.CrudeBound.pullNum_natDegree_le' depends on axioms: [propext, Classical.choice, Quot.sound]
info: Zeta5/CrudeBound.lean:660:0: 'Zeta5.CrudeBound.max_two_K_le_five_K' depends on axioms: [propext, Quot.sound]
info: Zeta5/CrudeBound.lean:661:0: 'Zeta5.CrudeBound.factorial_dvd_descPochhammer_eval' depends on axioms: [propext, Classical.choice, Quot.sound]
info: Zeta5/CrudeBound.lean:662:0: 'Zeta5.CrudeBound.descPochhammer_odd_eval' depends on axioms: [propext, Classical.choice, Quot.sound]
info: Zeta5/CrudeBound.lean:664:0: 'Zeta5.CrudeBound.crude_entry_bound' depends on axioms: [propext, Classical.choice, Quot.sound]
info: Zeta5/CrudeBound.lean:665:0: 'Zeta5.eq_3_12' depends on axioms: [propext, Classical.choice, Quot.sound]
✔ [8952/8957] Built Zeta5.Interface (14s)
ℹ [8953/8957] Built Zeta5.AppendixBCheck (14s)
info: Zeta5/AppendixBCheck.lean:113:0: 'Zeta5.AppendixB.RR_closed' depends on axioms: [propext, Classical.choice, Quot.sound]
info: Zeta5/AppendixBCheck.lean:114:0: 'Zeta5.AppendixB.intervalIntegrable_RR_div' depends on axioms: [propext, Classical.choice, Quot.sound]
info: Zeta5/AppendixBCheck.lean:115:0: 'Zeta5.AppendixB.eq_5_18' depends on axioms: [propext, Classical.choice, Quot.sound]
info: Zeta5/AppendixBCheck.lean:116:0: 'Zeta5.AppendixB.eq_5_10' depends on axioms: [propext, Classical.choice, Quot.sound]
info: Zeta5/AppendixBCheck.lean:117:0: 'Zeta5.AppendixB.Gam_eq' depends on axioms: [propext, Classical.choice, Quot.sound]
info: Zeta5/AppendixBCheck.lean:118:0: 'Zeta5.AppendixB.RR_affine' depends on axioms: [propext, Classical.choice, Quot.sound]
info: Zeta5/AppendixBCheck.lean:119:0: 'Zeta5.AppendixB.eq_5_16_5_18' depends on axioms: [propext, Classical.choice, Quot.sound]
ℹ [8954/8957] Built Zeta5.Checks (14s)
info: Zeta5/Checks.lean:232:0: 'Zeta5.theorem_1_1' depends on axioms: [propext, Classical.choice, Quot.sound]
info: Zeta5/Checks.lean:233:0: 'Zeta5.irrational_of_integerPolynomials' depends on axioms: [propext, Classical.choice, Quot.sound]
info: Zeta5/Checks.lean:234:0: 'Zeta5.ell_lt' depends on axioms: [propext, Classical.choice, Quot.sound]
info: Zeta5/Checks.lean:235:0: 'Zeta5.InnerAlloc.L_nonneg' depends on axioms: [propext, Classical.choice, Quot.sound]
info: Zeta5/Checks.lean:236:0: 'Zeta5.Delta_natDegree_le' depends on axioms: [propext, Classical.choice, Quot.sound]
info: Zeta5/Checks.lean:237:0: 'Zeta5.eq_7_2_M200' depends on axioms: [propext, Classical.choice, Quot.sound]
info: Zeta5/Checks.lean:238:0: 'Zeta5.Astar_eq' depends on axioms: [propext, Classical.choice, Quot.sound]
info: Zeta5/Checks.lean:242:0: 'Zeta5.theorem_2_1' depends on axioms: [propext,
 sorryAx,
 Classical.choice,
 Quot.sound,
 Axioms.hermite_pole_integral,
 Axioms.pnt_prime_riemann_sum]
info: Zeta5/Checks.lean:243:0: 'Zeta5.zeta5_irrational' depends on axioms: [propext,
 sorryAx,
 Classical.choice,
 Quot.sound,
 Axioms.hermite_pole_integral,
 Axioms.pnt_prime_riemann_sum]
ℹ [8955/8957] Built Zeta5.Audit (60s)
info: Zeta5/Audit.lean:203:0: ASSUMPTION REPORT for Zeta5.zeta5_irrational

  (A) standard Lean axioms:
    Classical.choice
    Quot.sound
    propext

  (B) explicit external axioms of this project (Zeta5/Axioms.lean):
    Zeta5.Axioms.hermite_pole_integral
    Zeta5.Axioms.pnt_prime_riemann_sum

  (C) sorry(s) — unfinished steps of the paper's own argument, 1 in all:
    Zeta5.RealBound.eq_6_14

  (D) any other axiom (must be empty):
    (none)

  [self-check: walker agrees with Lean.collectAxioms, 6 axiom(s)]
info: Zeta5/Audit.lean:207:0: Zeta5.theorem_2_1 rests on 1 sorry(s):
  Zeta5.RealBound.eq_6_14
info: Zeta5/Audit.lean:208:0: Zeta5.prop_5_1 depends on NO sorry.
info: Zeta5/Audit.lean:209:0: Zeta5.prop_2_2 depends on NO sorry.
info: Zeta5/Audit.lean:210:0: Zeta5.prop_4_1 depends on NO sorry.
info: Zeta5/Audit.lean:211:0: Zeta5.prop_4_3 depends on NO sorry.
info: Zeta5/Audit.lean:212:0: Zeta5.prop_6_3 rests on 1 sorry(s):
  Zeta5.RealBound.eq_6_14
info: Zeta5/Audit.lean:213:0: Zeta5.prop_5_2 depends on NO sorry.
info: Zeta5/Audit.lean:214:0: Zeta5.eq_3_12 depends on NO sorry.
info: Zeta5/Audit.lean:215:0: Zeta5.eq_5_16_5_18 depends on NO sorry.
info: Zeta5/Audit.lean:216:0: Zeta5.eq_7_1 rests on 1 sorry(s):
  Zeta5.RealBound.eq_6_14
info: Zeta5/Audit.lean:217:0: Zeta5.Delta_natDegree depends on NO sorry.
info: Zeta5/Audit.lean:218:0: Zeta5.Q_natDegree depends on NO sorry.
info: Zeta5/Audit.lean:219:0: Zeta5.eq_2_9 depends on NO sorry.
info: Zeta5/Audit.lean:220:0: Zeta5.exists_innerAlloc depends on NO sorry.
info: Zeta5/Audit.lean:221:0: Zeta5.stdAlloc depends on NO sorry.
info: Zeta5/Audit.lean:222:0: Zeta5.theorem_1_1 depends on NO sorry.
info: Zeta5/Audit.lean:223:0: Zeta5.prop_4_1_of_entry_bounds depends on NO sorry.
info: Zeta5/Audit.lean:224:0: Zeta5.lemma_4_2 depends on NO sorry.
info: Zeta5/Audit.lean:225:0: Zeta5.ell_lt_caseSplit depends on NO sorry.
info: Zeta5/Audit.lean:226:0: Zeta5.lemma_3_1 depends on NO sorry.
info: Zeta5/Audit.lean:227:0: Zeta5.AppendixB.eq_5_16_5_17 depends on NO sorry.
info: Zeta5/Audit.lean:228:0: Zeta5.Tail.tail_bound_strong depends on NO sorry.
info: Zeta5/Audit.lean:229:0: Zeta5.CrudeBound.eq_3_11 depends on NO sorry.
info: Zeta5/Audit.lean:230:0: Zeta5.PrimeSum.block1_le depends on NO sorry.
info: Zeta5/Audit.lean:231:0: Zeta5.RealBound.prop_6_3_of depends on NO sorry.
info: Zeta5/Audit.lean:232:0: Zeta5.AppendixB.eq_5_18 depends on NO sorry.
info: Zeta5/Audit.lean:240:0: Zeta5.outer_local_analysis depends on NO sorry.
info: Zeta5/Audit.lean:241:0: Zeta5.PrimeSum.eq_5_7_uniformity depends on NO sorry.
info: Zeta5/Audit.lean:242:0: Zeta5.CrudeBound.crude_entry_bound depends on NO sorry.
info: Zeta5/Audit.lean:243:0: Zeta5.Section3.entry_bounds_4_2_4_3 depends on NO sorry.
info: Zeta5/Audit.lean:244:0: Zeta5.HermiteBasis.det_coeffMatrix_unimodular depends on NO sorry.
info: Zeta5/Audit.lean:245:0: Zeta5.OuterBasis.outer_local_core depends on NO sorry.
info: Zeta5/Audit.lean:246:0: Zeta5.Uniformity.eq_5_7_uniformity depends on NO sorry.
info: Zeta5/Audit.lean:247:0: Zeta5.Lemma33.lemma_3_3 depends on NO sorry.
info: Zeta5/Audit.lean:248:0: Zeta5.Lemma33.pullback depends on NO sorry.
info: Zeta5/Audit.lean:249:0: Zeta5.InnerEntries.raabe_tau depends on NO sorry.
info: Zeta5/Audit.lean:250:0: Zeta5.InnerEntries.general_bound depends on NO sorry.
info: Zeta5/Audit.lean:251:0: Zeta5.InnerEntries.entry_bounds depends on NO sorry.
info: Zeta5/Audit.lean:252:0: Zeta5.RealBound.eq_6_14 rests on 1 sorry(s):
  Zeta5.RealBound.eq_6_14
info: Zeta5/Audit.lean:262:0: every sorry of the Zeta5 namespace is used by Zeta5.zeta5_irrational.
info: Zeta5/Audit.lean:266:0: 'Zeta5.zeta5_irrational' depends on axioms: [propext,
 sorryAx,
 Classical.choice,
 Quot.sound,
 Zeta5.Axioms.hermite_pole_integral,
 Zeta5.Axioms.pnt_prime_riemann_sum]
info: Zeta5/Audit.lean:267:0: 'Zeta5.theorem_1_1' depends on axioms: [propext, Classical.choice, Quot.sound]
✔ [8956/8957] Built Zeta5 (13s)
Build completed successfully (8957 jobs).
EXIT 0
END 10:42:41
