replaying Zeta5
replaying Zeta5.Counting
replaying Zeta5.Positivity
replaying Zeta5.Section41
replaying Zeta5.InnerEntries
replaying Zeta5.Lemma33
replaying Zeta5.Functional
replaying Zeta5.Axioms
replaying Zeta5.LocalFunctional
replaying Zeta5.Uniformity
replaying Zeta5.Arithmetic
replaying Zeta5.PrimeSum
replaying Zeta5.Checks
replaying Zeta5.HermiteBasis
replaying Zeta5.InnerTate
replaying Zeta5.OuterLocal
replaying Zeta5.AppendixB
replaying Zeta5.Basic
replaying Zeta5.Lemma42
replaying Zeta5.Interface
replaying Zeta5.HermiteBasisCore
replaying Zeta5.Skeleton
replaying Zeta5.OuterRange
replaying Zeta5.Normalization
replaying Zeta5.Tail
replaying Zeta5.InnerGeneral
replaying Zeta5.CrudeBound
replaying Zeta5.RealBound
replaying Zeta5.Section3
replaying Zeta5.Audit
replaying Zeta5.AppendixBCheck
replaying Zeta5.Asymptotics
replaying Zeta5.OuterBasis
[run from the repository root: lake env leanchecker --verbose Zeta5   137.54 s user, 1312.33 s system, 25 min 25 s wall, 2026-09-23]
EXIT 0
